Component: ARM Compiler 5.06 update 2 (build 183) Tool: armlink [4d35b7]

==============================================================================

Section Cross References

    startup_stm32f10x_hd.o(STACK) refers (Special) to heapauxi.o(.text) for __use_two_region_memory
    startup_stm32f10x_hd.o(HEAP) refers (Special) to heapauxi.o(.text) for __use_two_region_memory
    startup_stm32f10x_hd.o(RESET) refers (Special) to heapauxi.o(.text) for __use_two_region_memory
    startup_stm32f10x_hd.o(RESET) refers to startup_stm32f10x_hd.o(STACK) for __initial_sp
    startup_stm32f10x_hd.o(RESET) refers to startup_stm32f10x_hd.o(.text) for Reset_Handler
    startup_stm32f10x_hd.o(RESET) refers to stm32f10x_it.o(i.NMI_Handler) for NMI_Handler
    startup_stm32f10x_hd.o(RESET) refers to stm32f10x_it.o(i.HardFault_Handler) for HardFault_Handler
    startup_stm32f10x_hd.o(RESET) refers to stm32f10x_it.o(i.MemManage_Handler) for MemManage_Handler
    startup_stm32f10x_hd.o(RESET) refers to stm32f10x_it.o(i.BusFault_Handler) for BusFault_Handler
    startup_stm32f10x_hd.o(RESET) refers to stm32f10x_it.o(i.UsageFault_Handler) for UsageFault_Handler
    startup_stm32f10x_hd.o(RESET) refers to stm32f10x_it.o(i.SVC_Handler) for SVC_Handler
    startup_stm32f10x_hd.o(RESET) refers to stm32f10x_it.o(i.DebugMon_Handler) for DebugMon_Handler
    startup_stm32f10x_hd.o(RESET) refers to stm32f10x_it.o(i.PendSV_Handler) for PendSV_Handler
    startup_stm32f10x_hd.o(RESET) refers to stm32f10x_it.o(i.SysTick_Handler) for SysTick_Handler
    startup_stm32f10x_hd.o(RESET) refers to stm32f10x_it.o(i.EXTI0_IRQHandler) for EXTI0_IRQHandler
    startup_stm32f10x_hd.o(RESET) refers to stm32f10x_it.o(i.EXTI1_IRQHandler) for EXTI1_IRQHandler
    startup_stm32f10x_hd.o(RESET) refers to stm32f10x_it.o(i.EXTI2_IRQHandler) for EXTI2_IRQHandler
    startup_stm32f10x_hd.o(RESET) refers to stm32f10x_it.o(i.EXTI3_IRQHandler) for EXTI3_IRQHandler
    startup_stm32f10x_hd.o(RESET) refers to stm32f10x_it.o(i.TIM2_IRQHandler) for TIM2_IRQHandler
    startup_stm32f10x_hd.o(RESET) refers to stm32f10x_it.o(i.USART1_IRQHandler) for USART1_IRQHandler
    startup_stm32f10x_hd.o(.text) refers (Special) to heapauxi.o(.text) for __use_two_region_memory
    startup_stm32f10x_hd.o(.text) refers to system_stm32f10x.o(i.SystemInit) for SystemInit
    startup_stm32f10x_hd.o(.text) refers to __main.o(!!!main) for __main
    startup_stm32f10x_hd.o(.text) refers to startup_stm32f10x_hd.o(HEAP) for Heap_Mem
    startup_stm32f10x_hd.o(.text) refers to startup_stm32f10x_hd.o(STACK) for Stack_Mem
    system_stm32f10x.o(i.SetSysClock) refers to system_stm32f10x.o(i.SetSysClockTo72) for SetSysClockTo72
    system_stm32f10x.o(i.SystemCoreClockUpdate) refers to system_stm32f10x.o(.data) for SystemCoreClock
    system_stm32f10x.o(i.SystemInit) refers to system_stm32f10x.o(i.SetSysClock) for SetSysClock
    stm32f10x_adc.o(i.ADC_DeInit) refers to stm32f10x_rcc.o(i.RCC_APB2PeriphResetCmd) for RCC_APB2PeriphResetCmd
    stm32f10x_bkp.o(i.BKP_DeInit) refers to stm32f10x_rcc.o(i.RCC_BackupResetCmd) for RCC_BackupResetCmd
    stm32f10x_can.o(i.CAN_DeInit) refers to stm32f10x_rcc.o(i.RCC_APB1PeriphResetCmd) for RCC_APB1PeriphResetCmd
    stm32f10x_can.o(i.CAN_GetITStatus) refers to stm32f10x_can.o(i.CheckITStatus) for CheckITStatus
    stm32f10x_cec.o(i.CEC_DeInit) refers to stm32f10x_rcc.o(i.RCC_APB1PeriphResetCmd) for RCC_APB1PeriphResetCmd
    stm32f10x_dac.o(i.DAC_DeInit) refers to stm32f10x_rcc.o(i.RCC_APB1PeriphResetCmd) for RCC_APB1PeriphResetCmd
    stm32f10x_flash.o(i.FLASH_EnableWriteProtection) refers to stm32f10x_flash.o(i.FLASH_WaitForLastOperation) for FLASH_WaitForLastOperation
    stm32f10x_flash.o(i.FLASH_EraseAllBank1Pages) refers to stm32f10x_flash.o(i.FLASH_WaitForLastBank1Operation) for FLASH_WaitForLastBank1Operation
    stm32f10x_flash.o(i.FLASH_EraseAllPages) refers to stm32f10x_flash.o(i.FLASH_WaitForLastOperation) for FLASH_WaitForLastOperation
    stm32f10x_flash.o(i.FLASH_EraseOptionBytes) refers to stm32f10x_flash.o(i.FLASH_GetReadOutProtectionStatus) for FLASH_GetReadOutProtectionStatus
    stm32f10x_flash.o(i.FLASH_EraseOptionBytes) refers to stm32f10x_flash.o(i.FLASH_WaitForLastOperation) for FLASH_WaitForLastOperation
    stm32f10x_flash.o(i.FLASH_ErasePage) refers to stm32f10x_flash.o(i.FLASH_WaitForLastOperation) for FLASH_WaitForLastOperation
    stm32f10x_flash.o(i.FLASH_ProgramHalfWord) refers to stm32f10x_flash.o(i.FLASH_WaitForLastOperation) for FLASH_WaitForLastOperation
    stm32f10x_flash.o(i.FLASH_ProgramOptionByteData) refers to stm32f10x_flash.o(i.FLASH_WaitForLastOperation) for FLASH_WaitForLastOperation
    stm32f10x_flash.o(i.FLASH_ProgramWord) refers to stm32f10x_flash.o(i.FLASH_WaitForLastOperation) for FLASH_WaitForLastOperation
    stm32f10x_flash.o(i.FLASH_ReadOutProtection) refers to stm32f10x_flash.o(i.FLASH_WaitForLastOperation) for FLASH_WaitForLastOperation
[...]
    .ARM.Collect$$libinit$$00000013          0x080001c4   Section        0  libinit2.o(.ARM.Collect$$libinit$$00000013)
    .ARM.Collect$$libinit$$00000015          0x080001c4   Section        0  libinit2.o(.ARM.Collect$$libinit$$00000015)
    .ARM.Collect$$libinit$$00000016          0x080001c4   Section       10  libinit2.o(.ARM.Collect$$libinit$$00000016)
    .ARM.Collect$$libinit$$00000017          0x080001ce   Section        0  libinit2.o(.ARM.Collect$$libinit$$00000017)
    .ARM.Collect$$libinit$$00000019          0x080001ce   Section        0  libinit2.o(.ARM.Collect$$libinit$$00000019)
    .ARM.Collect$$libinit$$0000001B          0x080001ce   Section        0  libinit2.o(.ARM.Collect$$libinit$$0000001B)
    .ARM.Collect$$libinit$$0000001D          0x080001ce   Section        0  libinit2.o(.ARM.Collect$$libinit$$0000001D)
    .ARM.Collect$$libinit$$0000001F          0x080001ce   Section        0  libinit2.o(.ARM.Collect$$libinit$$0000001F)
    .ARM.Collect$$libinit$$00000021          0x080001ce   Section        0  libinit2.o(.ARM.Collect$$libinit$$00000021)
    .ARM.Collect$$libinit$$00000023          0x080001ce   Section        0  libinit2.o(.ARM.Collect$$libinit$$00000023)
    .ARM.Collect$$libinit$$00000024          0x080001ce   Section        4  libinit2.o(.ARM.Collect$$libinit$$00000024)
    .ARM.Collect$$libinit$$00000025          0x080001d2   Section        0  libinit2.o(.ARM.Collect$$libinit$$00000025)
    .ARM.Collect$$libinit$$0000002C          0x080001d2   Section        0  libinit2.o(.ARM.Collect$$libinit$$0000002C)
    .ARM.Collect$$libinit$$0000002E          0x080001d2   Section        0  libinit2.o(.ARM.Collect$$libinit$$0000002E)
    .ARM.Collect$$libinit$$00000030          0x080001d2   Section        0  libinit2.o(.ARM.Collect$$libinit$$00000030)
    .ARM.Collect$$libinit$$00000032          0x080001d2   Section        0  libinit2.o(.ARM.Collect$$libinit$$00000032)
    .ARM.Collect$$libinit$$00000033          0x080001d2   Section        2  libinit2.o(.ARM.Collect$$libinit$$00000033)
    .ARM.Collect$$libshutdown$$00000000      0x080001d4   Section        2  libshutdown.o(.ARM.Collect$$libshutdown$$00000000)
    .ARM.Collect$$libshutdown$$00000002      0x080001d6   Section        0  libshutdown2.o(.ARM.Collect$$libshutdown$$00000002)
    .ARM.Collect$$libshutdown$$00000003      0x080001d6   Section        4  libshutdown2.o(.ARM.Collect$$libshutdown$$00000003)
    .ARM.Collect$$libshutdown$$00000004      0x080001da   Section        0  libshutdown2.o(.ARM.Collect$$libshutdown$$00000004)
    .ARM.Collect$$libshutdown$$00000007      0x080001da   Section        0  libshutdown2.o(.ARM.Collect$$libshutdown$$00000007)
    .ARM.Collect$$libshutdown$$0000000A      0x080001da   Section        0  libshutdown2.o(.ARM.Collect$$libshutdown$$0000000A)
    .ARM.Collect$$libshutdown$$0000000C      0x080001da   Section        0  libshutdown2.o(.ARM.Collect$$libshutdown$$0000000C)
    .ARM.Collect$$libshutdown$$0000000F      0x080001da   Section        0  libshutdown2.o(.ARM.Collect$$libshutdown$$0000000F)
    .ARM.Collect$$libshutdown$$00000010      0x080001da   Section        2  libshutdown2.o(.ARM.Collect$$libshutdown$$00000010)
    .ARM.Collect$$rtentry$$00000000          0x080001dc   Section        0  __rtentry.o(.ARM.Collect$$rtentry$$00000000)
    .ARM.Collect$$rtentry$$00000002          0x080001dc   Section        0  __rtentry2.o(.ARM.Collect$$rtentry$$00000002)
    .ARM.Collect$$rtentry$$00000004          0x080001dc   Section        6  __rtentry4.o(.ARM.Collect$$rtentry$$00000004)
    .ARM.Collect$$rtentry$$00000009          0x080001e2   Section        0  __rtentry2.o(.ARM.Collect$$rtentry$$00000009)
    .ARM.Collect$$rtentry$$0000000A          0x080001e2   Section        4  __rtentry2.o(.ARM.Collect$$rtentry$$0000000A)
    .ARM.Collect$$rtentry$$0000000C          0x080001e6   Section        0  __rtentry2.o(.ARM.Collect$$rtentry$$0000000C)
    .ARM.Collect$$rtentry$$0000000D          0x080001e6   Section        8  __rtentry2.o(.ARM.Collect$$rtentry$$0000000D)
    .ARM.Collect$$rtexit$$00000000           0x080001ee   Section        2  rtexit.o(.ARM.Collect$$rtexit$$00000000)
    .ARM.Collect$$rtexit$$00000002           0x080001f0   Section        0  rtexit2.o(.ARM.Collect$$rtexit$$00000002)
    .ARM.Collect$$rtexit$$00000003           0x080001f0   Section        4  rtexit2.o(.ARM.Collect$$rtexit$$00000003)
    .ARM.Collect$$rtexit$$00000004           0x080001f4   Section        6  rtexit2.o(.ARM.Collect$$rtexit$$00000004)
    .emb_text                                0x080001fc   Section        0  maybetermalloc1.o(.emb_text)
    .text                                    0x080001fc   Section       64  startup_stm32f10x_hd.o(.text)
    .text                                    0x0800023c   Section        0  noretval__2printf.o(.text)
    .text                                    0x08000254   Section        0  __printf.o(.text)
    .text                                    0x080002bc   Section        0  _printf_dec.o(.text)
    .text                                    0x08000334   Section        0  heapauxi.o(.text)
    .text                                    0x0800033a   Section        0  _printf_intcommon.o(.text)
    .text                                    0x080003ec   Section        0  _printf_fp_dec.o(.text)
    _fp_digits                               0x080003ef   Thumb Code   428  _printf_fp_dec.o(.text)
    .text                                    0x08000808   Section        0  _printf_char_file.o(.text)
    .text                                    0x0800082c   Section        8  rt_locale_intlibspace.o(.text)
    .text                                    0x08000834   Section      138  lludiv10.o(.text)
    .text                                    0x080008c0   Section        0  _printf_char_common.o(.text)
    _printf_input_char                       0x080008c1   Thumb Code    10  _printf_char_common.o(.text)
    .text                                    0x080008f0   Section        0  _printf_fp_infnan.o(.text)
    .text                                    0x08000970   Section        0  bigflt0.o(.text)
    .text                                    0x08000a4c   Section        0  ferror.o(.text)
    .text                                    0x08000a54   Section        0  initio.o(.text)
    .text                                    0x08000b8c   Section        0  sys_io.o(.text)
    .text                                    0x08000bf4   Section        8  libspace.o(.text)
    .text                                    0x08000bfc   Section       74  sys_stackheap_outer.o(.text)
    .text                                    0x08000c46   Section        0  h1_free.o(.text)
    .text                                    0x08000c94   Section        0  setvbuf.o(.text)
    .text                                    0x08000cdc   Section        0  fopen.o(.text)
    _freopen_locked                          0x08000cdd   Thumb Code     0  fopen.o(.text)
    .text                                    0x08000dc8   Section        0  fclose.o(.text)
    .text                                    0x08000e14   Section        0  exit.o(.text)
    .text                                    0x08000e26   Section        0  defsig_rtred_outer.o(.text)
    .text                                    0x08000e34   Section       78  rt_memclr_w.o(.text)
    .text                                    0x08000e84   Section      128  strcmpv7m.o(.text)
    .text                                    0x08000f04   Section        2  use_no_semi.o(.text)
    .text                                    0x08000f06   Section        0  indicate_semi.o(.text)
    .text                                    0x08000f08   Section        8  rt_heap_descriptor_intlibspace.o(.text)
    .text                                    0x08000f10   Section        0  hguard.o(.text)
    .text                                    0x08000f14   Section        0  init_alloc.o(.text)
    .text                                    0x08000f9e   Section        0  h1_alloc.o(.text)
    .text                                    0x08000ffc   Section        0  fseek.o(.text)
    .text                                    0x080010f4   Section        0  stdio.o(.text)
    .text                                    0x080011e4   Section        0  defsig_exit.o(.text)
    .text                                    0x080011f0   Section        0  defsig_rtred_inner.o(.text)
    .text                                    0x08001224   Section        0  strlen.o(.text)
    .text                                    0x08001264   Section        0  sys_exit.o(.text)
    .text                                    0x08001270   Section        0  h1_init.o(.text)
    .text                                    0x0800127e   Section        0  h1_extend.o(.text)
    .text                                    0x080012b2   Section        0  ftell.o(.text)
    .text                                    0x080012f4   Section        0  defsig_general.o(.text)
    .text                                    0x08001326   Section        0  defsig_rtmem_outer.o(.text)
    .text                                    0x08001334   Section        0  sys_wrch.o(.text)
    .text                                    0x08001344   Section        8  rt_errno_addr_intlibspace.o(.text)
    .text                                    0x0800134c   Section        0  defsig_rtmem_inner.o(.text)
    CL$$btod_d2e                             0x0800139c   Section       62  btod.o(CL$$btod_d2e)
    CL$$btod_d2e_denorm_low                  0x080013da   Section       70  btod.o(CL$$btod_d2e_denorm_low)
    CL$$btod_d2e_norm_op1                    0x08001420   Section       96  btod.o(CL$$btod_d2e_norm_op1)
    CL$$btod_div_common                      0x08001480   Section      824  btod.o(CL$$btod_div_common)
    CL$$btod_e2e                             0x080017b8   Section      198  btod.o(CL$$btod_e2e)
    CL$$btod_ediv                            0x0800187e   Section       40  btod.o(CL$$btod_ediv)
    CL$$btod_emul                            0x080018a6   Section       40  btod.o(CL$$btod_emul)
    CL$$btod_mult_common                     0x080018ce   Section      580  btod.o(CL$$btod_mult_common)
    i.ADC1_GPIO_Config                       0x08001b14   Section        0  adc_driver.o(i.ADC1_GPIO_Config)
    ADC1_GPIO_Config                         0x08001b15   Thumb Code    42  adc_driver.o(i.ADC1_GPIO_Config)
    i.ADC1_Init                              0x08001b44   Section        0  adc_driver.o(i.ADC1_Init)
    i.ADC1_Mode_Config                       0x08001b50   Section        0  adc_driver.o(i.ADC1_Mode_Config)
    ADC1_Mode_Config                         0x08001b51   Thumb Code   224  adc_driver.o(i.ADC1_Mode_Config)
    i.ADC_Cmd                                0x08001c3c   Section        0  stm32f10x_adc.o(i.ADC_Cmd)
    i.ADC_DMACmd                             0x08001c52   Section        0  stm32f10x_adc.o(i.ADC_DMACmd)
    i.ADC_GetCalibrationStatus               0x08001c68   Section        0  stm32f10x_adc.o(i.ADC_GetCalibrationStatus)
    i.ADC_GetResetCalibrationStatus          0x08001c7c   Section        0  stm32f10x_adc.o(i.ADC_GetResetCalibrationStatus)
    i.ADC_Init                               0x08001c90   Section        0  stm32f10x_adc.o(i.ADC_Init)
    i.ADC_RegularChannelConfig               0x08001ce0   Section        0  stm32f10x_adc.o(i.ADC_RegularChannelConfig)
    i.ADC_ResetCalibration                   0x08001d98   Section        0  stm32f10x_adc.o(i.ADC_ResetCalibration)
    i.ADC_SoftwareStartConvCmd               0x08001da2   Section        0  stm32f10x_adc.o(i.ADC_SoftwareStartConvCmd)
    i.ADC_StartCalibration                   0x08001db8   Section        0  stm32f10x_adc.o(i.ADC_StartCalibration)
    i.BusFault_Handler                       0x08001dc2   Section        0  stm32f10x_it.o(i.BusFault_Handler)
    i.DHT11_InitConfig                       0x08001dc8   Section        0  dht11_driver.o(i.DHT11_InitConfig)
    i.DMA_Cmd                                0x08001dfc   Section        0  stm32f10x_dma.o(i.DMA_Cmd)
    i.DMA_DeInit                             0x08001e14   Section        0  stm32f10x_dma.o(i.DMA_DeInit)
    i.DMA_Init                               0x08001f60   Section        0  stm32f10x_dma.o(i.DMA_Init)
    i.DebugMon_Handler                       0x08001f9c   Section        0  stm32f10x_it.o(i.DebugMon_Handler)
    i.EXTI0_IRQHandler                       0x08001fa0   Section        0  stm32f10x_it.o(i.EXTI0_IRQHandler)
    i.EXTI1_IRQHandler                       0x08001fc0   Section        0  stm32f10x_it.o(i.EXTI1_IRQHandler)
    i.EXTI2_IRQHandler                       0x08001fe4   Section        0  stm32f10x_it.o(i.EXTI2_IRQHandler)
    i.EXTI3_IRQHandler                       0x08002008   Section        0  stm32f10x_it.o(i.EXTI3_IRQHandler)
    i.EXTI_ClearITPendingBit                 0x0800202c   Section        0  stm32f10x_exti.o(i.EXTI_ClearITPendingBit)
    i.EXTI_GetITStatus                       0x08002038   Section        0  stm32f10x_exti.o(i.EXTI_GetITStatus)
    i.FLASH_PrefetchBufferCmd                0x08002060   Section        0  stm32f10x_flash.o(i.FLASH_PrefetchBufferCmd)
    i.FLASH_SetLatency                       0x0800207c   Section        0  stm32f10x_flash.o(i.FLASH_SetLatency)
    i.GPIO_Init                              0x08002094   Section        0  stm32f10x_gpio.o(i.GPIO_Init)
    i.GPIO_ResetBits                         0x080021aa   Section        0  stm32f10x_gpio.o(i.GPIO_ResetBits)
    i.GPIO_SetBits                           0x080021ae   Section        0  stm32f10x_gpio.o(i.GPIO_SetBits)
    i.Get_Adc                                0x080021b4   Section        0  adc_driver.o(i.Get_Adc)
    i.Get_AdcMath                            0x080021cc   Section        0  adc_driver.o(i.Get_AdcMath)
    i.HardFault_Handler                      0x08002200   Section        0  stm32f10x_it.o(i.HardFault_Handler)
    i.LCD_DLY_ms                             0x08002204   Section        0  oled_driver.o(i.LCD_DLY_ms)
    i.LCD_Fill                               0x08002210   Section        0  oled_driver.o(i.LCD_Fill)
    i.LCD_Init                               0x0800224a   Section        0  oled_driver.o(i.LCD_Init)
    i.LCD_Reset                              0x08002314   Section        0  oled_driver.o(i.LCD_Reset)
    i.LCD_Set_Pos                            0x08002340   Section        0  oled_driver.o(i.LCD_Set_Pos)
    i.LCD_WrCmd                              0x08002364   Section        0  oled_driver.o(i.LCD_WrCmd)
    i.LCD_WrDat                              0x0800237c   Section        0  oled_driver.o(i.LCD_WrDat)
    i.MemManage_Handler                      0x08002394   Section        0  stm32f10x_it.o(i.MemManage_Handler)
    i.NMI_Handler                            0x08002398   Section        0  stm32f10x_it.o(i.NMI_Handler)
    i.OLED_GPIO_InitConfig                   0x0800239c   Section        0  oled_driver.o(i.OLED_GPIO_InitConfig)
    i.PendSV_Handler                         0x080023d0   Section        0  stm32f10x_it.o(i.PendSV_Handler)
    i.RCC_ADCCLKConfig                       0x080023d4   Section        0  stm32f10x_rcc.o(i.RCC_ADCCLKConfig)
    i.RCC_AHBPeriphClockCmd                  0x080023ec   Section        0  stm32f10x_rcc.o(i.RCC_AHBPeriphClockCmd)
    i.RCC_APB2PeriphClockCmd                 0x0800240c   Section        0  stm32f10x_rcc.o(i.RCC_APB2PeriphClockCmd)
    i.RCC_Configuration                      0x0800242c   Section        0  sys_rcc.o(i.RCC_Configuration)
    i.RCC_DeInit                             0x08002490   Section        0  stm32f10x_rcc.o(i.RCC_DeInit)
    i.RCC_GetClocksFreq                      0x080024dc   Section        0  stm32f10x_rcc.o(i.RCC_GetClocksFreq)
    i.RCC_GetFlagStatus                      0x080025b0   Section        0  stm32f10x_rcc.o(i.RCC_GetFlagStatus)
    i.RCC_GetSYSCLKSource                    0x080025ec   Section        0  stm32f10x_rcc.o(i.RCC_GetSYSCLKSource)
    i.RCC_HCLKConfig                         0x080025fc   Section        0  stm32f10x_rcc.o(i.RCC_HCLKConfig)
    i.RCC_HSEConfig                          0x08002614   Section        0  stm32f10x_rcc.o(i.RCC_HSEConfig)
    i.RCC_PCLK1Config                        0x08002660   Section        0  stm32f10x_rcc.o(i.RCC_PCLK1Config)
    i.RCC_PCLK2Config                        0x08002678   Section        0  stm32f10x_rcc.o(i.RCC_PCLK2Config)
    i.RCC_PLLCmd                             0x08002690   Section        0  stm32f10x_rcc.o(i.RCC_PLLCmd)
    i.RCC_PLLConfig                          0x0800269c   Section        0  stm32f10x_rcc.o(i.RCC_PLLConfig)
    i.RCC_SYSCLKConfig                       0x080026b8   Section        0  stm32f10x_rcc.o(i.RCC_SYSCLKConfig)
    i.RCC_WaitForHSEStartUp                  0x080026d0   Section        0  stm32f10x_rcc.o(i.RCC_WaitForHSEStartUp)
    i.SPI_InitConfig                         0x08002708   Section        0  spi_driver.o(i.SPI_InitConfig)
    i.SPI_WriterByte                         0x08002734   Section        0  spi_driver.o(i.SPI_WriterByte)
    i.SVC_Handler                            0x08002778   Section        0  stm32f10x_it.o(i.SVC_Handler)
    i.SetSysClock                            0x0800277a   Section        0  system_stm32f10x.o(i.SetSysClock)
    SetSysClock                              0x0800277b   Thumb Code     8  system_stm32f10x.o(i.SetSysClock)
    i.SetSysClockTo72                        0x08002784   Section        0  system_stm32f10x.o(i.SetSysClockTo72)
    SetSysClockTo72                          0x08002785   Thumb Code   214  system_stm32f10x.o(i.SetSysClockTo72)
    i.SysTick_Handler                        0x08002864   Section        0  stm32f10x_it.o(i.SysTick_Handler)
    i.SysTick_init                           0x08002868   Section        0  systick.o(i.SysTick_init)
    i.SystemInit                             0x080028a8   Section        0  system_stm32f10x.o(i.SystemInit)
    i.TIM2_IRQHandler                        0x08002908   Section        0  stm32f10x_it.o(i.TIM2_IRQHandler)
    i.TIM_ClearITPendingBit                  0x08002920   Section        0  stm32f10x_tim.o(i.TIM_ClearITPendingBit)
    i.TIM_GetITStatus                        0x08002926   Section        0  stm32f10x_tim.o(i.TIM_GetITStatus)
    i.UASRT_NVIC_Configuration               0x08002948   Section        0  usart_driver.o(i.UASRT_NVIC_Configuration)
    i.USART1_Config                          0x08002990   Section        0  usart_driver.o(i.USART1_Config)
    i.USART1_IRQHandler                      0x08002a24   Section        0  stm32f10x_it.o(i.USART1_IRQHandler)
    i.USART_ClearITPendingBit                0x08002a78   Section        0  stm32f10x_usart.o(i.USART_ClearITPendingBit)
    i.USART_Cmd                              0x08002a96   Section        0  stm32f10x_usart.o(i.USART_Cmd)
    i.USART_GetFlagStatus                    0x08002aae   Section        0  stm32f10x_usart.o(i.USART_GetFlagStatus)
    i.USART_GetITStatus                      0x08002ac8   Section        0  stm32f10x_usart.o(i.USART_GetITStatus)
    i.USART_ITConfig                         0x08002b1c   Section        0  stm32f10x_usart.o(i.USART_ITConfig)
    i.USART_Init                             0x08002b68   Section        0  stm32f10x_usart.o(i.USART_Init)
    i.USART_InitConfig                       0x08002c40   Section        0  usart_driver.o(i.USART_InitConfig)
    i.USART_SendData                         0x08002c4c   Section        0  stm32f10x_usart.o(i.USART_SendData)
    i.UsageFault_Handler                     0x08002c54   Section        0  stm32f10x_it.o(i.UsageFault_Handler)
    i.__ARM_fpclassify                       0x08002c58   Section        0  fpclassify.o(i.__ARM_fpclassify)
    i.delay_ms                               0x08002c80   Section        0  systick.o(i.delay_ms)
    i.filter                                 0x08002cbc   Section        0  adc_driver.o(i.filter)
    i.fputc                                  0x08002cec   Section        0  usart_driver.o(i.fputc)
    i.main                                   0x08002d10   Section        0  main.o(i.main)
    i.usart1_putc                            0x08002d98   Section        0  usart_driver.o(i.usart1_putc)
    locale$$code                             0x08002dbc   Section       44  lc_numeric_c.o(locale$$code)
    x$fpl$d2f                                0x08002de8   Section       98  d2f.o(x$fpl$d2f)
    x$fpl$dmul                               0x08002e4c   Section      340  dmul.o(x$fpl$dmul)
    x$fpl$dnaninf                            0x08002fa0   Section      156  dnaninf.o(x$fpl$dnaninf)
    x$fpl$dretinf                            0x0800303c   Section       12  dretinf.o(x$fpl$dretinf)
    x$fpl$f2d                                0x08003048   Section       86  f2d.o(x$fpl$f2d)
    x$fpl$ffltu                              0x080030a0   Section       38  fflt_clz.o(x$fpl$ffltu)
    x$fpl$fnaninf                            0x080030c6   Section      140  fnaninf.o(x$fpl$fnaninf)
    x$fpl$fretinf                            0x08003152   Section       10  fretinf.o(x$fpl$fretinf)
    x$fpl$printf1                            0x0800315c   Section        4  printf1.o(x$fpl$printf1)
    .constdata                               0x08003160   Section      148  bigflt0.o(.constdata)
    x$fpl$usenofp                            0x08003160   Section        0  usenofp.o(x$fpl$usenofp)
    tenpwrs_x                                0x08003160   Data          60  bigflt0.o(.constdata)
    tenpwrs_i                                0x0800319c   Data          64  bigflt0.o(.constdata)
    .constdata                               0x080031f4   Section        4  sys_io.o(.constdata)
    .constdata                               0x080031f8   Section        4  sys_io.o(.constdata)
    .constdata                               0x080031fc   Section        4  sys_io.o(.constdata)
    locale$$data                             0x08003220   Section       28  lc_numeric_c.o(locale$$data)
    __lcnum_c_name                           0x08003224   Data           2  lc_numeric_c.o(locale$$data)
    __lcnum_c_start                          0x0800322c   Data           0  lc_numeric_c.o(locale$$data)
    __lcnum_c_point                          0x08003238   Data           0  lc_numeric_c.o(locale$$data)
    __lcnum_c_thousands                      0x0800323a   Data           0  lc_numeric_c.o(locale$$data)
    __lcnum_c_grouping                       0x0800323b   Data           0  lc_numeric_c.o(locale$$data)
    __lcnum_c_end                            0x0800323c   Data           0  lc_numeric_c.o(locale$$data)
    .data                                    0x20000000   Section       20  stm32f10x_rcc.o(.data)
    APBAHBPrescTable                         0x20000000   Data          16  stm32f10x_rcc.o(.data)
    ADCPrescTable                            0x20000010   Data           4  stm32f10x_rcc.o(.data)
    .data                                    0x20000014   Section        4  adc_driver.o(.data)
    .data                                    0x20000018   Section        4  systick.o(.data)
    fac_us                                   0x20000018   Data           1  systick.o(.data)
    fac_ms                                   0x2000001a   Data           2  systick.o(.data)
    .data                                    0x2000001c   Section        1  stm32f10x_it.o(.data)
    .data                                    0x20000020   Section        4  stdio_streams.o(.data)
    .data                                    0x20000024   Section        4  stdio_streams.o(.data)
    .data                                    0x20000028   Section        4  stdio_streams.o(.data)
    .bss                                     0x2000002c   Section      100  adc_driver.o(.bss)
    .bss                                     0x20000090   Section       84  stdio_streams.o(.bss)
    .bss                                     0x200000e4   Section       84  stdio_streams.o(.bss)
    .bss                                     0x20000138   Section       84  stdio_streams.o(.bss)
    .bss                                     0x2000018c   Section       96  libspace.o(.bss)
    HEAP                                     0x200001f0   Section      512  startup_stm32f10x_hd.o(HEAP)
    Heap_Mem                                 0x200001f0   Data         512  startup_stm32f10x_hd.o(HEAP)
    STACK                                    0x200003f0   Section     1024  startup_stm32f10x_hd.o(STACK)
    Stack_Mem                                0x200003f0   Data        1024  startup_stm32f10x_hd.o(STACK)
    __initial_sp                             0x200007f0   Data           0  startup_stm32f10x_hd.o(STACK)

    Global Symbols

    Symbol Name                              Value     Ov Type        Size  Object(Section)

    BuildAttributes$$THM_ISAv4$P$D$K$B$S$PE$A:L22UL41UL21$X:L11$S22US41US21$IEEE1$IW$USESV6$~STKCKD$USESV7$~SHL$OTIME$ROPI$IEEEJ$EBA8$UX$STANDARDLIB$REQ8$PRES8$EABIv2 0x00000000   Number         0  anon$$obj.o ABSOLUTE
    __ARM_use_no_argv                        0x00000000   Number         0  main.o ABSOLUTE
    __ARM_exceptions_init                     - Undefined Weak Reference
    __alloca_initialize                       - Undefined Weak Reference
    __arm_preinit_                            - Undefined Weak Reference
    __cpp_initialize__aeabi_                  - Undefined Weak Reference
    __cxa_finalize                            - Undefined Weak Reference
    __sigvec_lookup                           - Undefined Weak Reference
    __user_heap_extent                        - Undefined Weak Reference
    _atexit_init                              - Undefined Weak Reference
    _call_atexit_fns                          - Undefined Weak Reference
    _clock_init                               - Undefined Weak Reference
    _fp_trap_init                             - Undefined Weak Reference
    _fp_trap_shutdown                         - Undefined Weak Reference
    _get_lc_collate                           - Undefined Weak Reference
    _get_lc_ctype                             - Undefined Weak Reference
    _get_lc_monetary                          - Undefined Weak Reference
    _get_lc_time                              - Undefined Weak Reference
    _getenv_init                              - Undefined Weak Reference
    _handle_redirection                       - Undefined Weak Reference
    _mutex_acquire                            - Undefined Weak Reference
    _mutex_free                               - Undefined Weak Reference
    _mutex_release                            - Undefined Weak Reference
    _printf_post_padding                      - Undefined Weak Reference
    _printf_pre_padding                       - Undefined Weak Reference
    _printf_truncate_signed                   - Undefined Weak Reference
    _printf_truncate_unsigned                 - Undefined Weak Reference
    _rand_init                                - Undefined Weak Reference
    _signal_finish                            - Undefined Weak Reference
    _signal_init                              - Undefined Weak Reference
    __Vectors_Size                           0x00000130   Number         0  startup_stm32f10x_hd.o ABSOLUTE
    __Vectors                                0x08000000   Data           4  startup_stm32f10x_hd.o(RESET)
    __Vectors_End                            0x08000130   Data           0  startup_stm32f10x_hd.o(RESET)
    __main                                   0x08000131   Thumb Code     8  __main.o(!!!main)
    __scatterload                            0x08000139   Thumb Code     0  __scatter.o(!!!scatter)
    __scatterload_rt2                        0x08000139   Thumb Code    44  __scatter.o(!!!scatter)
    __scatterload_rt2_thumb_only             0x08000139   Thumb Code     0  __scatter.o(!!!scatter)
    __scatterload_null                       0x08000147   Thumb Code     0  __scatter.o(!!!scatter)
    __scatterload_copy                       0x0800016d   Thumb Code    26  __scatter_copy.o(!!handler_copy)
    __scatterload_zeroinit                   0x08000189   Thumb Code    28  __scatter_zi.o(!!handler_zi)
    _printf_f                                0x080001a5   Thumb Code     0  _printf_f.o(.ARM.Collect$$_printf_percent$$00000003)
    _printf_percent                          0x080001a5   Thumb Code     0  _printf_percent.o(.ARM.Collect$$_printf_percent$$00000000)
    _printf_d                                0x080001ab   Thumb Code     0  _printf_d.o(.ARM.Collect$$_printf_percent$$00000009)
    _printf_percent_end                      0x080001b1   Thumb Code     0  _printf_percent_end.o(.ARM.Collect$$_printf_percent$$00000017)
    __rt_lib_init                            0x080001b5   Thumb Code     0  libinit.o(.ARM.Collect$$libinit$$00000000)
    __rt_lib_init_fp_1                       0x080001b7   Thumb Code     0  libinit2.o(.ARM.Collect$$libinit$$00000002)
    __rt_lib_init_heap_2                     0x080001b7   Thumb Code     0  libinit2.o(.ARM.Collect$$libinit$$00000005)
    __rt_lib_init_preinit_1                  0x080001b7   Thumb Code     0  libinit2.o(.ARM.Collect$$libinit$$00000004)
    __rt_lib_init_heap_1                     0x080001bf   Thumb Code     0  libinit2.o(.ARM.Collect$$libinit$$0000000A)
    __rt_lib_init_lc_common                  0x080001bf   Thumb Code     0  libinit2.o(.ARM.Collect$$libinit$$0000000F)
    __rt_lib_init_rand_1                     0x080001bf   Thumb Code     0  libinit2.o(.ARM.Collect$$libinit$$0000000E)
    __rt_lib_init_user_alloc_1               0x080001bf   Thumb Code     0  libinit2.o(.ARM.Collect$$libinit$$0000000C)
    __rt_lib_init_lc_collate_1               0x080001c5   Thumb Code     0  libinit2.o(.ARM.Collect$$libinit$$00000011)
    __rt_lib_init_lc_ctype_1                 0x080001c5   Thumb Code     0  libinit2.o(.ARM.Collect$$libinit$$00000013)
    __rt_lib_init_lc_monetary_1              0x080001c5   Thumb Code     0  libinit2.o(.ARM.Collect$$libinit$$00000015)
    __rt_lib_init_lc_numeric_2               0x080001c5   Thumb Code     0  libinit2.o(.ARM.Collect$$libinit$$00000016)
    __rt_lib_init_atexit_1                   0x080001cf   Thumb Code     0  libinit2.o(.ARM.Collect$$libinit$$0000001B)
    __rt_lib_init_clock_1                    0x080001cf   Thumb Code     0  libinit2.o(.ARM.Collect$$libinit$$00000021)
    __rt_lib_init_fp_trap_1                  0x080001cf   Thumb Code     0  libinit2.o(.ARM.Collect$$libinit$$0000001F)
    __rt_lib_init_getenv_1                   0x080001cf   Thumb Code     0  libinit2.o(.ARM.Collect$$libinit$$00000023)
    __rt_lib_init_lc_numeric_1               0x080001cf   Thumb Code     0  libinit2.o(.ARM.Collect$$libinit$$00000017)
    __rt_lib_init_lc_time_1                  0x080001cf   Thumb Code     0  libinit2.o(.ARM.Collect$$libinit$$00000019)
    __rt_lib_init_signal_1                   0x080001cf   Thumb Code     0  libinit2.o(.ARM.Collect$$libinit$$0000001D)
    __rt_lib_init_stdio_2                    0x080001cf   Thumb Code     0  libinit2.o(.ARM.Collect$$libinit$$00000024)
    __rt_lib_init_alloca_1                   0x080001d3   Thumb Code     0  libinit2.o(.ARM.Collect$$libinit$$0000002E)
    __rt_lib_init_argv_1                     0x080001d3   Thumb Code     0  libinit2.o(.ARM.Collect$$libinit$$0000002C)
    __rt_lib_init_cpp_1                      0x080001d3   Thumb Code     0  libinit2.o(.ARM.Collect$$libinit$$00000032)
    __rt_lib_init_exceptions_1               0x080001d3   Thumb Code     0  libinit2.o(.ARM.Collect$$libinit$$00000030)
    __rt_lib_init_return                     0x080001d3   Thumb Code     0  libinit2.o(.ARM.Collect$$libinit$$00000033)
    __rt_lib_init_stdio_1                    0x080001d3   Thumb Code     0  libinit2.o(.ARM.Collect$$libinit$$00000025)
    __rt_lib_shutdown                        0x080001d5   Thumb Code     0  libshutdown.o(.ARM.Collect$$libshutdown$$00000000)
    __rt_lib_shutdown_cpp_1                  0x080001d7   Thumb Code     0  libshutdown2.o(.ARM.Collect$$libshutdown$$00000002)
    __rt_lib_shutdown_stdio_2                0x080001d7   Thumb Code     0  libshutdown2.o(.ARM.Collect$$libshutdown$$00000003)
    __rt_lib_shutdown_fp_trap_1              0x080001db   Thumb Code     0  libshutdown2.o(.ARM.Collect$$libshutdown$$00000007)
    __rt_lib_shutdown_heap_1                 0x080001db   Thumb Code     0  libshutdown2.o(.ARM.Collect$$libshutdown$$0000000F)
    __rt_lib_shutdown_return                 0x080001db   Thumb Code     0  libshutdown2.o(.ARM.Collect$$libshutdown$$00000010)
    __rt_lib_shutdown_signal_1               0x080001db   Thumb Code     0  libshutdown2.o(.ARM.Collect$$libshutdown$$0000000A)
    __rt_lib_shutdown_stdio_1                0x080001db   Thumb Code     0  libshutdown2.o(.ARM.Collect$$libshutdown$$00000004)
    __rt_lib_shutdown_user_alloc_1           0x080001db   Thumb Code     0  libshutdown2.o(.ARM.Collect$$libshutdown$$0000000C)
    __rt_entry                               0x080001dd   Thumb Code     0  __rtentry.o(.ARM.Collect$$rtentry$$00000000)
    __rt_entry_presh_1                       0x080001dd   Thumb Code     0  __rtentry2.o(.ARM.Collect$$rtentry$$00000002)
    __rt_entry_sh                            0x080001dd   Thumb Code     0  __rtentry4.o(.ARM.Collect$$rtentry$$00000004)
    __rt_entry_li                            0x080001e3   Thumb Code     0  __rtentry2.o(.ARM.Collect$$rtentry$$0000000A)
    __rt_entry_postsh_1                      0x080001e3   Thumb Code     0  __rtentry2.o(.ARM.Collect$$rtentry$$00000009)
    __rt_entry_main                          0x080001e7   Thumb Code     0  __rtentry2.o(.ARM.Collect$$rtentry$$0000000D)
    __rt_entry_postli_1                      0x080001e7   Thumb Code     0  __rtentry2.o(.ARM.Collect$$rtentry$$0000000C)
    __rt_exit                                0x080001ef   Thumb Code     0  rtexit.o(.ARM.Collect$$rtexit$$00000000)
    __rt_exit_ls                             0x080001f1   Thumb Code     0  rtexit2.o(.ARM.Collect$$rtexit$$00000003)
    __rt_exit_prels_1                        0x080001f1   Thumb Code     0  rtexit2.o(.ARM.Collect$$rtexit$$00000002)
    __rt_exit_exit                           0x080001f5   Thumb Code     0  rtexit2.o(.ARM.Collect$$rtexit$$00000004)
    Reset_Handler                            0x080001fd   Thumb Code     8  startup_stm32f10x_hd.o(.text)
    _maybe_terminate_alloc                   0x080001fd   Thumb Code     0  maybetermalloc1.o(.emb_text)
    ADC1_2_IRQHandler                        0x08000217   Thumb Code     0  startup_stm32f10x_hd.o(.text)
    ADC3_IRQHandler                          0x08000217   Thumb Code     0  startup_stm32f10x_hd.o(.text)
    CAN1_RX1_IRQHandler                      0x08000217   Thumb Code     0  startup_stm32f10x_hd.o(.text)
    CAN1_SCE_IRQHandler                      0x08000217   Thumb Code     0  startup_stm32f10x_hd.o(.text)
    DMA1_Channel1_IRQHandler                 0x08000217   Thumb Code     0  startup_stm32f10x_hd.o(.text)
    DMA1_Channel2_IRQHandler                 0x08000217   Thumb Code     0  startup_stm32f10x_hd.o(.text)
    DMA1_Channel3_IRQHandler                 0x08000217   Thumb Code     0  startup_stm32f10x_hd.o(.text)
    DMA1_Channel4_IRQHandler                 0x08000217   Thumb Code     0  startup_stm32f10x_hd.o(.text)
    DMA1_Channel5_IRQHandler                 0x08000217   Thumb Code     0  startup_stm32f10x_hd.o(.text)
    DMA1_Channel6_IRQHandler                 0x08000217   Thumb Code     0  startup_stm32f10x_hd.o(.text)
    DMA1_Channel7_IRQHandler                 0x08000217   Thumb Code     0  startup_stm32f10x_hd.o(.text)
    DMA2_Channel1_IRQHandler                 0x08000217   Thumb Code     0  startup_stm32f10x_hd.o(.text)
    DMA2_Channel2_IRQHandler                 0x08000217   Thumb Code     0  startup_stm32f10x_hd.o(.text)
    DMA2_Channel3_IRQHandler                 0x08000217   Thumb Code     0  startup_stm32f10x_hd.o(.text)
    DMA2_Channel4_5_IRQHandler               0x08000217   Thumb Code     0  startup_stm32f10x_hd.o(.text)
    EXTI15_10_IRQHandler                     0x08000217   Thumb Code     0  startup_stm32f10x_hd.o(.text)
    EXTI4_IRQHandler                         0x08000217   Thumb Code     0  startup_stm32f10x_hd.o(.text)
    EXTI9_5_IRQHandler                       0x08000217   Thumb Code     0  startup_stm32f10x_hd.o(.text)
    FLASH_IRQHandler                         0x08000217   Thumb Code     0  startup_stm32f10x_hd.o(.text)
    FSMC_IRQHandler                          0x08000217   Thumb Code     0  startup_stm32f10x_hd.o(.text)
    I2C1_ER_IRQHandler                       0x08000217   Thumb Code     0  startup_stm32f10x_hd.o(.text)
    I2C1_EV_IRQHandler                       0x08000217   Thumb Code     0  startup_stm32f10x_hd.o(.text)
    I2C2_ER_IRQHandler                       0x08000217   Thumb Code     0  startup_stm32f10x_hd.o(.text)
    I2C2_EV_IRQHandler                       0x08000217   Thumb Code     0  startup_stm32f10x_hd.o(.text)
    PVD_IRQHandler                           0x08000217   Thumb Code     0  startup_stm32f10x_hd.o(.text)
    RCC_IRQHandler                           0x08000217   Thumb Code     0  startup_stm32f10x_hd.o(.text)
    RTCAlarm_IRQHandler                      0x08000217   Thumb Code     0  startup_stm32f10x_hd.o(.text)
    RTC_IRQHandler                           0x08000217   Thumb Code     0  startup_stm32f10x_hd.o(.text)
    SDIO_IRQHandler                          0x08000217   Thumb Code     0  startup_stm32f10x_hd.o(.text)
    SPI1_IRQHandler                          0x08000217   Thumb Code     0  startup_stm32f10x_hd.o(.text)
    SPI2_IRQHandler                          0x08000217   Thumb Code     0  startup_stm32f10x_hd.o(.text)
    SPI3_IRQHandler                          0x08000217   Thumb Code     0  startup_stm32f10x_hd.o(.text)
    TAMPER_IRQHandler                        0x08000217   Thumb Code     0  startup_stm32f10x_hd.o(.text)
    TIM1_BRK_IRQHandler                      0x08000217   Thumb Code     0  startup_stm32f10x_hd.o(.text)
    TIM1_CC_IRQHandler                       0x08000217   Thumb Code     0  startup_stm32f10x_hd.o(.text)
    TIM1_TRG_COM_IRQHandler                  0x08000217   Thumb Code     0  startup_stm32f10x_hd.o(.text)
    TIM1_UP_IRQHandler                       0x08000217   Thumb Code     0  startup_stm32f10x_hd.o(.text)
    TIM3_IRQHandler                          0x08000217   Thumb Code     0  startup_stm32f10x_hd.o(.text)
    TIM4_IRQHandler                          0x08000217   Thumb Code     0  startup_stm32f10x_hd.o(.text)
    TIM5_IRQHandler                          0x08000217   Thumb Code     0  startup_stm32f10x_hd.o(.text)
    TIM6_IRQHandler                          0x08000217   Thumb Code     0  startup_stm32f10x_hd.o(.text)
    TIM7_IRQHandler                          0x08000217   Thumb Code     0  startup_stm32f10x_hd.o(.text)
    TIM8_BRK_IRQHandler                      0x08000217   Thumb Code     0  startup_stm32f10x_hd.o(.text)
    TIM8_CC_IRQHandler                       0x08000217   Thumb Code     0  startup_stm32f10x_hd.o(.text)
    TIM8_TRG_COM_IRQHandler                  0x08000217   Thumb Code     0  startup_stm32f10x_hd.o(.text)
    TIM8_UP_IRQHandler                       0x08000217   Thumb Code     0  startup_stm32f10x_hd.o(.text)
    UART4_IRQHandler                         0x08000217   Thumb Code     0  startup_stm32f10x_hd.o(.text)
    UART5_IRQHandler                         0x08000217   Thumb Code     0  startup_stm32f10x_hd.o(.text)
    USART2_IRQHandler                        0x08000217   Thumb Code     0  startup_stm32f10x_hd.o(.text)
    USART3_IRQHandler                        0x08000217   Thumb Code     0  startup_stm32f10x_hd.o(.text)
    USBWakeUp_IRQHandler                     0x08000217   Thumb Code     0  startup_stm32f10x_hd.o(.text)
    USB_HP_CAN1_TX_IRQHandler                0x08000217   Thumb Code     0  startup_stm32f10x_hd.o(.text)
    USB_LP_CAN1_RX0_IRQHandler               0x08000217   Thumb Code     0  startup_stm32f10x_hd.o(.text)
    WWDG_IRQHandler                          0x08000217   Thumb Code     0  startup_stm32f10x_hd.o(.text)
    __user_initial_stackheap                 0x08000219   Thumb Code     0  startup_stm32f10x_hd.o(.text)
    __2printf                                0x0800023d   Thumb Code    20  noretval__2printf.o(.text)
    __printf                                 0x08000255   Thumb Code   104  __printf.o(.text)
    _printf_int_dec                          0x080002bd   Thumb Code   104  _printf_dec.o(.text)
    __use_two_region_memory                  0x08000335   Thumb Code     2  heapauxi.o(.text)
    __rt_heap_escrow                         0x08000337   Thumb Code     2  heapauxi.o(.text)
    __rt_heap_expand                         0x08000339   Thumb Code     2  heapauxi.o(.text)
    _printf_int_common                       0x0800033b   Thumb Code   178  _printf_intcommon.o(.text)
    __lib_sel_fp_printf                      0x080003ed   Thumb Code     2  _printf_fp_dec.o(.text)
    _printf_fp_dec_real                      0x0800059b   Thumb Code   620  _printf_fp_dec.o(.text)
    _printf_char_file                        0x08000809   Thumb Code    32  _printf_char_file.o(.text)
    __rt_locale                              0x0800082d   Thumb Code     8  rt_locale_intlibspace.o(.text)
    _ll_udiv10                               0x08000835   Thumb Code   138  lludiv10.o(.text)
    _printf_char_common                      0x080008cb   Thumb Code    32  _printf_char_common.o(.text)
    _printf_fp_infnan                        0x080008f1   Thumb Code   112  _printf_fp_infnan.o(.text)
    _btod_etento                             0x08000971   Thumb Code   216  bigflt0.o(.text)
    ferror                                   0x08000a4d   Thumb Code     8  ferror.o(.text)
    _initio                                  0x08000a55   Thumb Code   210  initio.o(.text)
    _terminateio                             0x08000b27   Thumb Code    56  initio.o(.text)
    _sys_open                                0x08000b8d   Thumb Code    20  sys_io.o(.text)
    _sys_close                               0x08000ba1   Thumb Code    12  sys_io.o(.text)
    _sys_write                               0x08000bad   Thumb Code    16  sys_io.o(.text)
    _sys_read                                0x08000bbd   Thumb Code    14  sys_io.o(.text)
    _sys_istty                               0x08000bcb   Thumb Code    12  sys_io.o(.text)
    _sys_seek                                0x08000bd7   Thumb Code    14  sys_io.o(.text)
    _sys_ensure                              0x08000be5   Thumb Code     2  sys_io.o(.text)
    _sys_flen                                0x08000be7   Thumb Code    12  sys_io.o(.text)
    __user_libspace                          0x08000bf5   Thumb Code     8  libspace.o(.text)
    __user_perproc_libspace                  0x08000bf5   Thumb Code     0  libspace.o(.text)
    __user_perthread_libspace                0x08000bf5   Thumb Code     0  libspace.o(.text)
    __user_setup_stackheap                   0x08000bfd   Thumb Code    74  sys_stackheap_outer.o(.text)
    free                                     0x08000c47   Thumb Code    78  h1_free.o(.text)
    setvbuf                                  0x08000c95   Thumb Code    70  setvbuf.o(.text)
    freopen                                  0x08000cdd   Thumb Code   158  fopen.o(.text)
    fopen                                    0x08000d7b   Thumb Code    74  fopen.o(.text)
    _fclose_internal                         0x08000dc9   Thumb Code    76  fclose.o(.text)
    fclose                                   0x08000dc9   Thumb Code     0  fclose.o(.text)
    exit                                     0x08000e15   Thumb Code    18  exit.o(.text)
    __rt_SIGRTRED                            0x08000e27   Thumb Code    14  defsig_rtred_outer.o(.text)
    __aeabi_memclr4                          0x08000e35   Thumb Code     0  rt_memclr_w.o(.text)
    __aeabi_memclr8                          0x08000e35   Thumb Code     0  rt_memclr_w.o(.text)
    __rt_memclr_w                            0x08000e35   Thumb Code    78  rt_memclr_w.o(.text)
    _memset_w                                0x08000e39   Thumb Code     0  rt_memclr_w.o(.text)
    strcmp                                   0x08000e85   Thumb Code   128  strcmpv7m.o(.text)
    __I$use$semihosting                      0x08000f05   Thumb Code     0  use_no_semi.o(.text)
    __use_no_semihosting_swi                 0x08000f05   Thumb Code     2  use_no_semi.o(.text)
    __semihosting_library_function           0x08000f07   Thumb Code     0  indicate_semi.o(.text)
    __rt_heap_descriptor                     0x08000f09   Thumb Code     8  rt_heap_descriptor_intlibspace.o(.text)
    __use_no_heap                            0x08000f11   Thumb Code     2  hguard.o(.text)
    __heap$guard                             0x08000f13   Thumb Code     2  hguard.o(.text)
    _terminate_user_alloc                    0x08000f15   Thumb Code     2  init_alloc.o(.text)
    _init_user_alloc                         0x08000f17   Thumb Code     2  init_alloc.o(.text)
    __Heap_Full                              0x08000f19   Thumb Code    34  init_alloc.o(.text)
    __Heap_Broken                            0x08000f3b   Thumb Code     6  init_alloc.o(.text)
    _init_alloc                              0x08000f41   Thumb Code    94  init_alloc.o(.text)
    malloc                                   0x08000f9f   Thumb Code    94  h1_alloc.o(.text)
    _fseek                                   0x08000ffd   Thumb Code   242  fseek.o(.text)
    fseek                                    0x08000ffd   Thumb Code     0  fseek.o(.text)
    _seterr                                  0x080010f5   Thumb Code    20  stdio.o(.text)
    _writebuf                                0x08001109   Thumb Code    84  stdio.o(.text)
    _fflush                                  0x0800115d   Thumb Code    70  stdio.o(.text)
    _deferredlazyseek                        0x080011a3   Thumb Code    60  stdio.o(.text)
    __sig_exit                               0x080011e5   Thumb Code    10  defsig_exit.o(.text)
    __rt_SIGRTRED_inner                      0x080011f1   Thumb Code    14  defsig_rtred_inner.o(.text)
    strlen                                   0x08001225   Thumb Code    62  strlen.o(.text)
    _sys_exit                                0x08001265   Thumb Code     8  sys_exit.o(.text)
    __Heap_Initialize                        0x08001271   Thumb Code    10  h1_init.o(.text)
    __Heap_DescSize                          0x0800127b   Thumb Code     4  h1_init.o(.text)
    __Heap_ProvideMemory                     0x0800127f   Thumb Code    52  h1_extend.o(.text)
    _ftell_internal                          0x080012b3   Thumb Code    66  ftell.o(.text)
    ftell                                    0x080012b3   Thumb Code     0  ftell.o(.text)
    __default_signal_display                 0x080012f5   Thumb Code    50  defsig_general.o(.text)
    __rt_SIGRTMEM                            0x08001327   Thumb Code    14  defsig_rtmem_outer.o(.text)
    _ttywrch                                 0x08001335   Thumb Code    14  sys_wrch.o(.text)
    __aeabi_errno_addr                       0x08001345   Thumb Code     8  rt_errno_addr_intlibspace.o(.text)
    __errno$intlibspace                      0x08001345   Thumb Code     0  rt_errno_addr_intlibspace.o(.text)
    __rt_errno_addr$intlibspace              0x08001345   Thumb Code     0  rt_errno_addr_intlibspace.o(.text)
    __rt_SIGRTMEM_inner                      0x0800134d   Thumb Code    22  defsig_rtmem_inner.o(.text)
    _btod_d2e                                0x0800139d   Thumb Code    62  btod.o(CL$$btod_d2e)
    _d2e_denorm_low                          0x080013db   Thumb Code    70  btod.o(CL$$btod_d2e_denorm_low)
    _d2e_norm_op1                            0x08001421   Thumb Code    96  btod.o(CL$$btod_d2e_norm_op1)
    __btod_div_common                        0x08001481   Thumb Code   696  btod.o(CL$$btod_div_common)
    _e2e                                     0x080017b9   Thumb Code   198  btod.o(CL$$btod_e2e)
    _btod_ediv                               0x0800187f   Thumb Code    40  btod.o(CL$$btod_ediv)
    _btod_emul                               0x080018a7   Thumb Code    40  btod.o(CL$$btod_emul)
    __btod_mult_common                       0x080018cf   Thumb Code   580  btod.o(CL$$btod_mult_common)
    ADC1_Init                                0x08001b45   Thumb Code    12  adc_driver.o(i.ADC1_Init)
    ADC_Cmd                                  0x08001c3d   Thumb Code    22  stm32f10x_adc.o(i.ADC_Cmd)
    ADC_DMACmd                               0x08001c53   Thumb Code    22  stm32f10x_adc.o(i.ADC_DMACmd)
    ADC_GetCalibrationStatus                 0x08001c69   Thumb Code    20  stm32f10x_adc.o(i.ADC_GetCalibrationStatus)
    ADC_GetResetCalibrationStatus            0x08001c7d   Thumb Code    20  stm32f10x_adc.o(i.ADC_GetResetCalibrationStatus)
    ADC_Init                                 0x08001c91   Thumb Code    70  stm32f10x_adc.o(i.ADC_Init)
    ADC_RegularChannelConfig                 0x08001ce1   Thumb Code   184  stm32f10x_adc.o(i.ADC_RegularChannelConfig)
    ADC_ResetCalibration                     0x08001d99   Thumb Code    10  stm32f10x_adc.o(i.ADC_ResetCalibration)
    ADC_SoftwareStartConvCmd                 0x08001da3   Thumb Code    22  stm32f10x_adc.o(i.ADC_SoftwareStartConvCmd)
    ADC_StartCalibration                     0x08001db9   Thumb Code    10  stm32f10x_adc.o(i.ADC_StartCalibration)
    BusFault_Handler                         0x08001dc3   Thumb Code     4  stm32f10x_it.o(i.BusFault_Handler)
    DHT11_InitConfig                         0x08001dc9   Thumb Code    48  dht11_driver.o(i.DHT11_InitConfig)
    DMA_Cmd                                  0x08001dfd   Thumb Code    24  stm32f10x_dma.o(i.DMA_Cmd)
    DMA_DeInit                               0x08001e15   Thumb Code   324  stm32f10x_dma.o(i.DMA_DeInit)
    DMA_Init                                 0x08001f61   Thumb Code    60  stm32f10x_dma.o(i.DMA_Init)
    DebugMon_Handler                         0x08001f9d   Thumb Code     2  stm32f10x_it.o(i.DebugMon_Handler)
    EXTI0_IRQHandler                         0x08001fa1   Thumb Code    24  stm32f10x_it.o(i.EXTI0_IRQHandler)
    EXTI1_IRQHandler                         0x08001fc1   Thumb Code    26  stm32f10x_it.o(i.EXTI1_IRQHandler)
    EXTI2_IRQHandler                         0x08001fe5   Thumb Code    26  stm32f10x_it.o(i.EXTI2_IRQHandler)
    EXTI3_IRQHandler                         0x08002009   Thumb Code    26  stm32f10x_it.o(i.EXTI3_IRQHandler)
    EXTI_ClearITPendingBit                   0x0800202d   Thumb Code     6  stm32f10x_exti.o(i.EXTI_ClearITPendingBit)
    EXTI_GetITStatus                         0x08002039   Thumb Code    34  stm32f10x_exti.o(i.EXTI_GetITStatus)
    FLASH_PrefetchBufferCmd                  0x08002061   Thumb Code    22  stm32f10x_flash.o(i.FLASH_PrefetchBufferCmd)
    FLASH_SetLatency                         0x0800207d   Thumb Code    18  stm32f10x_flash.o(i.FLASH_SetLatency)
    GPIO_Init                                0x08002095   Thumb Code   278  stm32f10x_gpio.o(i.GPIO_Init)
    GPIO_ResetBits                           0x080021ab   Thumb Code     4  stm32f10x_gpio.o(i.GPIO_ResetBits)
    GPIO_SetBits                             0x080021af   Thumb Code     4  stm32f10x_gpio.o(i.GPIO_SetBits)
    Get_Adc                                  0x080021b5   Thumb Code    18  adc_driver.o(i.Get_Adc)
    Get_AdcMath                              0x080021cd   Thumb Code    46  adc_driver.o(i.Get_AdcMath)
    HardFault_Handler                        0x08002201   Thumb Code     4  stm32f10x_it.o(i.HardFault_Handler)
    LCD_DLY_ms                               0x08002205   Thumb Code    12  oled_driver.o(i.LCD_DLY_ms)
    LCD_Fill                                 0x08002211   Thumb Code    58  oled_driver.o(i.LCD_Fill)
    LCD_Init                                 0x0800224b   Thumb Code   200  oled_driver.o(i.LCD_Init)
    LCD_Reset                                0x08002315   Thumb Code    40  oled_driver.o(i.LCD_Reset)
    LCD_Set_Pos                              0x08002341   Thumb Code    36  oled_driver.o(i.LCD_Set_Pos)
    LCD_WrCmd                                0x08002365   Thumb Code    20  oled_driver.o(i.LCD_WrCmd)
    LCD_WrDat                                0x0800237d   Thumb Code    20  oled_driver.o(i.LCD_WrDat)
    MemManage_Handler                        0x08002395   Thumb Code     4  stm32f10x_it.o(i.MemManage_Handler)
    NMI_Handler                              0x08002399   Thumb Code     2  stm32f10x_it.o(i.NMI_Handler)
    OLED_GPIO_InitConfig                     0x0800239d   Thumb Code    46  oled_driver.o(i.OLED_GPIO_InitConfig)
    PendSV_Handler                           0x080023d1   Thumb Code     2  stm32f10x_it.o(i.PendSV_Handler)
    RCC_ADCCLKConfig                         0x080023d5   Thumb Code    18  stm32f10x_rcc.o(i.RCC_ADCCLKConfig)
    RCC_AHBPeriphClockCmd                    0x080023ed   Thumb Code    26  stm32f10x_rcc.o(i.RCC_AHBPeriphClockCmd)
    RCC_APB2PeriphClockCmd                   0x0800240d   Thumb Code    26  stm32f10x_rcc.o(i.RCC_APB2PeriphClockCmd)
    RCC_Configuration                        0x0800242d   Thumb Code   100  sys_rcc.o(i.RCC_Configuration)
    RCC_DeInit                               0x08002491   Thumb Code    64  stm32f10x_rcc.o(i.RCC_DeInit)
    RCC_GetClocksFreq                        0x080024dd   Thumb Code   192  stm32f10x_rcc.o(i.RCC_GetClocksFreq)
    RCC_GetFlagStatus                        0x080025b1   Thumb Code    56  stm32f10x_rcc.o(i.RCC_GetFlagStatus)
    RCC_GetSYSCLKSource                      0x080025ed   Thumb Code    10  stm32f10x_rcc.o(i.RCC_GetSYSCLKSource)
    RCC_HCLKConfig                           0x080025fd   Thumb Code    18  stm32f10x_rcc.o(i.RCC_HCLKConfig)
    RCC_HSEConfig                            0x08002615   Thumb Code    70  stm32f10x_rcc.o(i.RCC_HSEConfig)
    RCC_PCLK1Config                          0x08002661   Thumb Code    18  stm32f10x_rcc.o(i.RCC_PCLK1Config)
    RCC_PCLK2Config                          0x08002679   Thumb Code    20  stm32f10x_rcc.o(i.RCC_PCLK2Config)
    RCC_PLLCmd                               0x08002691   Thumb Code     6  stm32f10x_rcc.o(i.RCC_PLLCmd)
    RCC_PLLConfig                            0x0800269d   Thumb Code    24  stm32f10x_rcc.o(i.RCC_PLLConfig)
    RCC_SYSCLKConfig                         0x080026b9   Thumb Code    18  stm32f10x_rcc.o(i.RCC_SYSCLKConfig)
    RCC_WaitForHSEStartUp                    0x080026d1   Thumb Code    56  stm32f10x_rcc.o(i.RCC_WaitForHSEStartUp)
    SPI_InitConfig                           0x08002709   Thumb Code    38  spi_driver.o(i.SPI_InitConfig)
    SPI_WriterByte                           0x08002735   Thumb Code    62  spi_driver.o(i.SPI_WriterByte)
    SVC_Handler                              0x08002779   Thumb Code     2  stm32f10x_it.o(i.SVC_Handler)
    SysTick_Handler                          0x08002865   Thumb Code     2  stm32f10x_it.o(i.SysTick_Handler)
    SysTick_init                             0x08002869   Thumb Code    56  systick.o(i.SysTick_init)
    SystemInit                               0x080028a9   Thumb Code    78  system_stm32f10x.o(i.SystemInit)
    TIM2_IRQHandler                          0x08002909   Thumb Code    24  stm32f10x_it.o(i.TIM2_IRQHandler)
    TIM_ClearITPendingBit                    0x08002921   Thumb Code     6  stm32f10x_tim.o(i.TIM_ClearITPendingBit)
    TIM_GetITStatus                          0x08002927   Thumb Code    34  stm32f10x_tim.o(i.TIM_GetITStatus)
    UASRT_NVIC_Configuration                 0x08002949   Thumb Code    62  usart_driver.o(i.UASRT_NVIC_Configuration)
    USART1_Config                            0x08002991   Thumb Code   140  usart_driver.o(i.USART1_Config)
    USART1_IRQHandler                        0x08002a25   Thumb Code    52  stm32f10x_it.o(i.USART1_IRQHandler)
    USART_ClearITPendingBit                  0x08002a79   Thumb Code    30  stm32f10x_usart.o(i.USART_ClearITPendingBit)
    USART_Cmd                                0x08002a97   Thumb Code    24  stm32f10x_usart.o(i.USART_Cmd)
    USART_GetFlagStatus                      0x08002aaf   Thumb Code    26  stm32f10x_usart.o(i.USART_GetFlagStatus)
    USART_GetITStatus                        0x08002ac9   Thumb Code    84  stm32f10x_usart.o(i.USART_GetITStatus)
    USART_ITConfig                           0x08002b1d   Thumb Code    74  stm32f10x_usart.o(i.USART_ITConfig)
    USART_Init                               0x08002b69   Thumb Code   210  stm32f10x_usart.o(i.USART_Init)
    USART_InitConfig                         0x08002c41   Thumb Code    12  usart_driver.o(i.USART_InitConfig)
    USART_SendData                           0x08002c4d   Thumb Code     8  stm32f10x_usart.o(i.USART_SendData)
    UsageFault_Handler                       0x08002c55   Thumb Code     4  stm32f10x_it.o(i.UsageFault_Handler)
    __ARM_fpclassify                         0x08002c59   Thumb Code    40  fpclassify.o(i.__ARM_fpclassify)
    delay_ms                                 0x08002c81   Thumb Code    56  systick.o(i.delay_ms)
    filter                                   0x08002cbd   Thumb Code    40  adc_driver.o(i.filter)
    fputc                                    0x08002ced   Thumb Code    32  usart_driver.o(i.fputc)
    main                                     0x08002d11   Thumb Code    94  main.o(i.main)
    usart1_putc                              0x08002d99   Thumb Code    30  usart_driver.o(i.usart1_putc)
    _get_lc_numeric                          0x08002dbd   Thumb Code    44  lc_numeric_c.o(locale$$code)
    __aeabi_d2f                              0x08002de9   Thumb Code     0  d2f.o(x$fpl$d2f)
    _d2f                                     0x08002de9   Thumb Code    98  d2f.o(x$fpl$d2f)
    __aeabi_dmul                             0x08002e4d   Thumb Code     0  dmul.o(x$fpl$dmul)
    _dmul                                    0x08002e4d   Thumb Code   332  dmul.o(x$fpl$dmul)
    __fpl_dnaninf                            0x08002fa1   Thumb Code   156  dnaninf.o(x$fpl$dnaninf)
    __fpl_dretinf                            0x0800303d   Thumb Code    12  dretinf.o(x$fpl$dretinf)
    __aeabi_f2d                              0x08003049   Thumb Code     0  f2d.o(x$fpl$f2d)
    _f2d                                     0x08003049   Thumb Code    86  f2d.o(x$fpl$f2d)
    __aeabi_ui2f                             0x080030a1   Thumb Code     0  fflt_clz.o(x$fpl$ffltu)
    _ffltu                                   0x080030a1   Thumb Code    38  fflt_clz.o(x$fpl$ffltu)
    __fpl_fnaninf                            0x080030c7   Thumb Code   140  fnaninf.o(x$fpl$fnaninf)
    __fpl_fretinf                            0x08003153   Thumb Code    10  fretinf.o(x$fpl$fretinf)
    _printf_fp_dec                           0x0800315d   Thumb Code     4  printf1.o(x$fpl$printf1)
    __I$use$fp                               0x08003160   Number         0  usenofp.o(x$fpl$usenofp)
    __stdin_name                             0x080031f4   Data           4  sys_io.o(.constdata)
    __stdout_name                            0x080031f8   Data           4  sys_io.o(.constdata)
    __stderr_name                            0x080031fc   Data           4  sys_io.o(.constdata)
    Region$$Table$$Base                      0x08003200   Number         0  anon$$obj.o(Region$$Table)
    Region$$Table$$Limit                     0x08003220   Number         0  anon$$obj.o(Region$$Table)
    After_filter                             0x20000014   Data           4  adc_driver.o(.data)
    ch                                       0x2000001c   Data           1  stm32f10x_it.o(.data)
    __aeabi_stdin                            0x20000020   Data           4  stdio_streams.o(.data)
    __aeabi_stdout                           0x20000024   Data           4  stdio_streams.o(.data)
    __aeabi_stderr                           0x20000028   Data           4  stdio_streams.o(.data)
    ADC_ConvertedValue                       0x2000002c   Data         100  adc_driver.o(.bss)
    __stdin                                  0x20000090   Data          84  stdio_streams.o(.bss)
    __stdout                                 0x200000e4   Data          84  stdio_streams.o(.bss)
    __stderr                                 0x20000138   Data          84  stdio_streams.o(.bss)
    __libspace_start                         0x2000018c   Data          96  libspace.o(.bss)
    __temporary_stack_top$libspace           0x200001ec   Data           0  libspace.o(.bss)



==============================================================================

Memory Map of the image

  Image Entry point : 0x08000131

  Load Region LR_IROM1 (Base: 0x08000000, Size: 0x00003268, Max: 0x00040000, ABSOLUTE)

    Execution Region ER_IROM1 (Base: 0x08000000, Size: 0x0000323c, Max: 0x00040000, ABSOLUTE)

    Base Addr    Size         Type   Attr      Idx    E Section Name        Object

    0x08000000   0x00000130   Data   RO            3    RESET               startup_stm32f10x_hd.o
    0x08000130   0x00000008   Code   RO         4069  * !!!main             c_w.l(__main.o)
    0x08000138   0x00000034   Code   RO         4460    !!!scatter          c_w.l(__scatter.o)
    0x0800016c   0x0000001a   Code   RO         4462    !!handler_copy      c_w.l(__scatter_copy.o)
    0x08000186   0x00000002   PAD
    0x08000188   0x0000001c   Code   RO         4464    !!handler_zi        c_w.l(__scatter_zi.o)
    0x080001a4   0x00000000   Code   RO         4066    .ARM.Collect$$_printf_percent$$00000000  c_w.l(_printf_percent.o)
    0x080001a4   0x00000006   Code   RO         4065    .ARM.Collect$$_printf_percent$$00000003  c_w.l(_printf_f.o)
    0x080001aa   0x00000006   Code   RO         4064    .ARM.Collect$$_printf_percent$$00000009  c_w.l(_printf_d.o)
    0x080001b0   0x00000004   Code   RO         4092    .ARM.Collect$$_printf_percent$$00000017  c_w.l(_printf_percent_end.o)
    0x080001b4   0x00000002   Code   RO         4270    .ARM.Collect$$libinit$$00000000  c_w.l(libinit.o)
    0x080001b6   0x00000000   Code   RO         4272    .ARM.Collect$$libinit$$00000002  c_w.l(libinit2.o)
    0x080001b6   0x00000000   Code   RO         4274    .ARM.Collect$$libinit$$00000004  c_w.l(libinit2.o)
    0x080001b6   0x00000008   Code   RO         4275    .ARM.Collect$$libinit$$00000005  c_w.l(libinit2.o)
    0x080001be   0x00000000   Code   RO         4277    .ARM.Collect$$libinit$$0000000A  c_w.l(libinit2.o)
    0x080001be   0x00000000   Code   RO         4279    .ARM.Collect$$libinit$$0000000C  c_w.l(libinit2.o)
    0x080001be   0x00000000   Code   RO         4281    .ARM.Collect$$libinit$$0000000E  c_w.l(libinit2.o)
    0x080001be   0x00000006   Code   RO         4282    .ARM.Collect$$libinit$$0000000F  c_w.l(libinit2.o)
    0x080001c4   0x00000000   Code   RO         4284    .ARM.Collect$$libinit$$00000011  c_w.l(libinit2.o)
    0x080001c4   0x00000000   Code   RO         4286    .ARM.Collect$$libinit$$00000013  c_w.l(libinit2.o)
    0x080001c4   0x00000000   Code   RO         4288    .ARM.Collect$$libinit$$00000015  c_w.l(libinit2.o)
    0x080001c4   0x0000000a   Code   RO         4289    .ARM.Collect$$libinit$$00000016  c_w.l(libinit2.o)
    0x080001ce   0x00000000   Code   RO         4290    .ARM.Collect$$libinit$$00000017  c_w.l(libinit2.o)
    0x080001ce   0x00000000   Code   RO         4292    .ARM.Collect$$libinit$$00000019  c_w.l(libinit2.o)
    0x080001ce   0x00000000   Code   RO         4294    .ARM.Collect$$libinit$$0000001B  c_w.l(libinit2.o)
    0x080001ce   0x00000000   Code   RO         4296    .ARM.Collect$$libinit$$0000001D  c_w.l(libinit2.o)
    0x080001ce   0x00000000   Code   RO         4298    .ARM.Collect$$libinit$$0000001F  c_w.l(libinit2.o)
    0x080001ce   0x00000000   Code   RO         4300    .ARM.Collect$$libinit$$00000021  c_w.l(libinit2.o)
    0x080001ce   0x00000000   Code   RO         4302    .ARM.Collect$$libinit$$00000023  c_w.l(libinit2.o)
    0x080001ce   0x00000004   Code   RO         4303    .ARM.Collect$$libinit$$00000024  c_w.l(libinit2.o)
    0x080001d2   0x00000000   Code   RO         4304    .ARM.Collect$$libinit$$00000025  c_w.l(libinit2.o)
    0x080001d2   0x00000000   Code   RO         4308    .ARM.Collect$$libinit$$0000002C  c_w.l(libinit2.o)
    0x080001d2   0x00000000   Code   RO         4310    .ARM.Collect$$libinit$$0000002E  c_w.l(libinit2.o)
    0x080001d2   0x00000000   Code   RO         4312    .ARM.Collect$$libinit$$00000030  c_w.l(libinit2.o)
    0x080001d2   0x00000000   Code   RO         4314    .ARM.Collect$$libinit$$00000032  c_w.l(libinit2.o)
    0x080001d2   0x00000002   Code   RO         4315    .ARM.Collect$$libinit$$00000033  c_w.l(libinit2.o)
    0x080001d4   0x00000002   Code   RO         4439    .ARM.Collect$$libshutdown$$00000000  c_w.l(libshutdown.o)
    0x080001d6   0x00000000   Code   RO         4317    .ARM.Collect$$libshutdown$$00000002  c_w.l(libshutdown2.o)
    0x080001d6   0x00000004   Code   RO         4318    .ARM.Collect$$libshutdown$$00000003  c_w.l(libshutdown2.o)
    0x080001da   0x00000000   Code   RO         4319    .ARM.Collect$$libshutdown$$00000004  c_w.l(libshutdown2.o)
    0x080001da   0x00000000   Code   RO         4322    .ARM.Collect$$libshutdown$$00000007  c_w.l(libshutdown2.o)
    0x080001da   0x00000000   Code   RO         4325    .ARM.Collect$$libshutdown$$0000000A  c_w.l(libshutdown2.o)
    0x080001da   0x00000000   Code   RO         4327    .ARM.Collect$$libshutdown$$0000000C  c_w.l(libshutdown2.o)
    0x080001da   0x00000000   Code   RO         4330    .ARM.Collect$$libshutdown$$0000000F  c_w.l(libshutdown2.o)
    0x080001da   0x00000002   Code   RO         4331    .ARM.Collect$$libshutdown$$00000010  c_w.l(libshutdown2.o)
    0x080001dc   0x00000000   Code   RO         4085    .ARM.Collect$$rtentry$$00000000  c_w.l(__rtentry.o)
    0x080001dc   0x00000000   Code   RO         4109    .ARM.Collect$$rtentry$$00000002  c_w.l(__rtentry2.o)
    0x080001dc   0x00000006   Code   RO         4121    .ARM.Collect$$rtentry$$00000004  c_w.l(__rtentry4.o)
    0x080001e2   0x00000000   Code   RO         4111    .ARM.Collect$$rtentry$$00000009  c_w.l(__rtentry2.o)
    0x080001e2   0x00000004   Code   RO         4112    .ARM.Collect$$rtentry$$0000000A  c_w.l(__rtentry2.o)
    0x080001e6   0x00000000   Code   RO         4114    .ARM.Collect$$rtentry$$0000000C  c_w.l(__rtentry2.o)
    0x080001e6   0x00000008   Code   RO         4115    .ARM.Collect$$rtentry$$0000000D  c_w.l(__rtentry2.o)
    0x080001ee   0x00000002   Code   RO         4335    .ARM.Collect$$rtexit$$00000000  c_w.l(rtexit.o)
    0x080001f0   0x00000000   Code   RO         4385    .ARM.Collect$$rtexit$$00000002  c_w.l(rtexit2.o)
    0x080001f0   0x00000004   Code   RO         4386    .ARM.Collect$$rtexit$$00000003  c_w.l(rtexit2.o)
    0x080001f4   0x00000006   Code   RO         4387    .ARM.Collect$$rtexit$$00000004  c_w.l(rtexit2.o)
    0x080001fa   0x00000002   PAD
    0x080001fc   0x00000000   Code   RO         4391    .emb_text           c_w.l(maybetermalloc1.o)
    0x080001fc   0x00000040   Code   RO            4    .text               startup_stm32f10x_hd.o
    0x0800023c   0x00000018   Code   RO         4038    .text               c_w.l(noretval__2printf.o)
    0x08000254   0x00000068   Code   RO         4040    .text               c_w.l(__printf.o)
    0x080002bc   0x00000078   Code   RO         4042    .text               c_w.l(_printf_dec.o)
    0x08000334   0x00000006   Code   RO         4067    .text               c_w.l(heapauxi.o)
    0x0800033a   0x000000b2   Code   RO         4086    .text               c_w.l(_printf_intcommon.o)
    0x080003ec   0x0000041a   Code   RO         4088    .text               c_w.l(_printf_fp_dec.o)
    0x08000806   0x00000002   PAD
    0x08000808   0x00000024   Code   RO         4090    .text               c_w.l(_printf_char_file.o)
    0x0800082c   0x00000008   Code   RO         4126    .text               c_w.l(rt_locale_intlibspace.o)
    0x08000834   0x0000008a   Code   RO         4128    .text               c_w.l(lludiv10.o)
    0x080008be   0x00000002   PAD
    0x080008c0   0x00000030   Code   RO         4130    .text               c_w.l(_printf_char_common.o)
    0x080008f0   0x00000080   Code   RO         4132    .text               c_w.l(_printf_fp_infnan.o)
    0x08000970   0x000000dc   Code   RO         4134    .text               c_w.l(bigflt0.o)
    0x08000a4c   0x00000008   Code   RO         4159    .text               c_w.l(ferror.o)
    0x08000a54   0x00000138   Code   RO         4161    .text               c_w.l(initio.o)
    0x08000b8c   0x00000066   Code   RO         4174    .text               c_w.l(sys_io.o)
    0x08000bf2   0x00000002   PAD
    0x08000bf4   0x00000008   Code   RO         4179    .text               c_w.l(libspace.o)
    0x08000bfc   0x0000004a   Code   RO         4184    .text               c_w.l(sys_stackheap_outer.o)
    0x08000c46   0x0000004e   Code   RO         4188    .text               c_w.l(h1_free.o)
    0x08000c94   0x00000046   Code   RO         4244    .text               c_w.l(setvbuf.o)
    0x08000cda   0x00000002   PAD
    0x08000cdc   0x000000ec   Code   RO         4247    .text               c_w.l(fopen.o)
    0x08000dc8   0x0000004c   Code   RO         4249    .text               c_w.l(fclose.o)
    0x08000e14   0x00000012   Code   RO         4255    .text               c_w.l(exit.o)
    0x08000e26   0x0000000e   Code   RO         4257    .text               c_w.l(defsig_rtred_outer.o)
    0x08000e34   0x0000004e   Code   RO         4261    .text               c_w.l(rt_memclr_w.o)
    0x08000e82   0x00000002   PAD
    0x08000e84   0x00000080   Code   RO         4263    .text               c_w.l(strcmpv7m.o)
    0x08000f04   0x00000002   Code   RO         4332    .text               c_w.l(use_no_semi.o)
    0x08000f06   0x00000000   Code   RO         4334    .text               c_w.l(indicate_semi.o)
    0x08000f06   0x00000002   PAD
    0x08000f08   0x00000008   Code   RO         4342    .text               c_w.l(rt_heap_descriptor_intlibspace.o)
    0x08000f10   0x00000004   Code   RO         4344    .text               c_w.l(hguard.o)
    0x08000f14   0x0000008a   Code   RO         4346    .text               c_w.l(init_alloc.o)
    0x08000f9e   0x0000005e   Code   RO         4352    .text               c_w.l(h1_alloc.o)
    0x08000ffc   0x000000f8   Code   RO         4366    .text               c_w.l(fseek.o)
    0x080010f4   0x000000f0   Code   RO         4368    .text               c_w.l(stdio.o)
    0x080011e4   0x0000000a   Code   RO         4370    .text               c_w.l(defsig_exit.o)
    0x080011ee   0x00000002   PAD
    0x080011f0   0x00000034   Code   RO         4372    .text               c_w.l(defsig_rtred_inner.o)
    0x08001224   0x0000003e   Code   RO         4374    .text               c_w.l(strlen.o)
    0x08001262   0x00000002   PAD
    0x08001264   0x0000000c   Code   RO         4382    .text               c_w.l(sys_exit.o)
    0x08001270   0x0000000e   Code   RO         4393    .text               c_w.l(h1_init.o)
    0x0800127e   0x00000034   Code   RO         4395    .text               c_w.l(h1_extend.o)
    0x080012b2   0x00000042   Code   RO         4401    .text               c_w.l(ftell.o)
    0x080012f4   0x00000032   Code   RO         4405    .text               c_w.l(defsig_general.o)
    0x08001326   0x0000000e   Code   RO         4407    .text               c_w.l(defsig_rtmem_outer.o)
    0x08001334   0x0000000e   Code   RO         4420    .text               c_w.l(sys_wrch.o)
    0x08001342   0x00000002   PAD
    0x08001344   0x00000008   Code   RO         4427    .text               c_w.l(rt_errno_addr_intlibspace.o)
    0x0800134c   0x00000050   Code   RO         4433    .text               c_w.l(defsig_rtmem_inner.o)
    0x0800139c   0x0000003e   Code   RO         4137    CL$$btod_d2e        c_w.l(btod.o)
    0x080013da   0x00000046   Code   RO         4139    CL$$btod_d2e_denorm_low  c_w.l(btod.o)
    0x08001420   0x00000060   Code   RO         4138    CL$$btod_d2e_norm_op1  c_w.l(btod.o)
    0x08001480   0x00000338   Code   RO         4147    CL$$btod_div_common  c_w.l(btod.o)
    0x080017b8   0x000000c6   Code   RO         4144    CL$$btod_e2e        c_w.l(btod.o)
    0x0800187e   0x00000028   Code   RO         4141    CL$$btod_ediv       c_w.l(btod.o)
    0x080018a6   0x00000028   Code   RO         4140    CL$$btod_emul       c_w.l(btod.o)
    0x080018ce   0x00000244   Code   RO         4146    CL$$btod_mult_common  c_w.l(btod.o)
    0x08001b12   0x00000002   PAD
    0x08001b14   0x00000030   Code   RO         3611    i.ADC1_GPIO_Config  adc_driver.o
    0x08001b44   0x0000000c   Code   RO         3612    i.ADC1_Init         adc_driver.o
    0x08001b50   0x000000ec   Code   RO         3613    i.ADC1_Mode_Config  adc_driver.o
    0x08001c3c   0x00000016   Code   RO          209    i.ADC_Cmd           stm32f10x_adc.o
    0x08001c52   0x00000016   Code   RO          210    i.ADC_DMACmd        stm32f10x_adc.o
    0x08001c68   0x00000014   Code   RO          217    i.ADC_GetCalibrationStatus  stm32f10x_adc.o
    0x08001c7c   0x00000014   Code   RO          223    i.ADC_GetResetCalibrationStatus  stm32f10x_adc.o
    0x08001c90   0x00000050   Code   RO          227    i.ADC_Init          stm32f10x_adc.o
    0x08001ce0   0x000000b8   Code   RO          231    i.ADC_RegularChannelConfig  stm32f10x_adc.o
    0x08001d98   0x0000000a   Code   RO          232    i.ADC_ResetCalibration  stm32f10x_adc.o
    0x08001da2   0x00000016   Code   RO          234    i.ADC_SoftwareStartConvCmd  stm32f10x_adc.o
    0x08001db8   0x0000000a   Code   RO          236    i.ADC_StartCalibration  stm32f10x_adc.o
    0x08001dc2   0x00000004   Code   RO         3923    i.BusFault_Handler  stm32f10x_it.o
    0x08001dc6   0x00000002   PAD
    0x08001dc8   0x00000034   Code   RO         3672    i.DHT11_InitConfig  dht11_driver.o
    0x08001dfc   0x00000018   Code   RO          978    i.DMA_Cmd           stm32f10x_dma.o
    0x08001e14   0x0000014c   Code   RO          979    i.DMA_DeInit        stm32f10x_dma.o
    0x08001f60   0x0000003c   Code   RO          984    i.DMA_Init          stm32f10x_dma.o
    0x08001f9c   0x00000002   Code   RO         3924    i.DebugMon_Handler  stm32f10x_it.o
    0x08001f9e   0x00000002   PAD
    0x08001fa0   0x00000020   Code   RO         3925    i.EXTI0_IRQHandler  stm32f10x_it.o
    0x08001fc0   0x00000024   Code   RO         3926    i.EXTI1_IRQHandler  stm32f10x_it.o
    0x08001fe4   0x00000024   Code   RO         3927    i.EXTI2_IRQHandler  stm32f10x_it.o
    0x08002008   0x00000024   Code   RO         3928    i.EXTI3_IRQHandler  stm32f10x_it.o
    0x0800202c   0x0000000c   Code   RO         1061    i.EXTI_ClearITPendingBit  stm32f10x_exti.o
    0x08002038   0x00000028   Code   RO         1065    i.EXTI_GetITStatus  stm32f10x_exti.o
    0x08002060   0x0000001c   Code   RO         1143    i.FLASH_PrefetchBufferCmd  stm32f10x_flash.o
    0x0800207c   0x00000018   Code   RO         1148    i.FLASH_SetLatency  stm32f10x_flash.o
    0x08002094   0x00000116   Code   RO         1450    i.GPIO_Init         stm32f10x_gpio.o
    0x080021aa   0x00000004   Code   RO         1457    i.GPIO_ResetBits    stm32f10x_gpio.o
    0x080021ae   0x00000004   Code   RO         1458    i.GPIO_SetBits      stm32f10x_gpio.o
    0x080021b2   0x00000002   PAD
    0x080021b4   0x00000018   Code   RO         3614    i.Get_Adc           adc_driver.o
    0x080021cc   0x00000034   Code   RO         3615    i.Get_AdcMath       adc_driver.o
    0x08002200   0x00000004   Code   RO         3929    i.HardFault_Handler  stm32f10x_it.o
    0x08002204   0x0000000c   Code   RO         3738    i.LCD_DLY_ms        oled_driver.o
    0x08002210   0x0000003a   Code   RO         3739    i.LCD_Fill          oled_driver.o
    0x0800224a   0x000000c8   Code   RO         3740    i.LCD_Init          oled_driver.o
    0x08002312   0x00000002   PAD
    0x08002314   0x0000002c   Code   RO         3743    i.LCD_Reset         oled_driver.o
    0x08002340   0x00000024   Code   RO         3744    i.LCD_Set_Pos       oled_driver.o
    0x08002364   0x00000018   Code   RO         3745    i.LCD_WrCmd         oled_driver.o
    0x0800237c   0x00000018   Code   RO         3746    i.LCD_WrDat         oled_driver.o
    0x08002394   0x00000004   Code   RO         3930    i.MemManage_Handler  stm32f10x_it.o
    0x08002398   0x00000002   Code   RO         3931    i.NMI_Handler       stm32f10x_it.o
    0x0800239a   0x00000002   PAD
    0x0800239c   0x00000034   Code   RO         3747    i.OLED_GPIO_InitConfig  oled_driver.o
    0x080023d0   0x00000002   Code   RO         3932    i.PendSV_Handler    stm32f10x_it.o
    0x080023d2   0x00000002   PAD
    0x080023d4   0x00000018   Code   RO         1912    i.RCC_ADCCLKConfig  stm32f10x_rcc.o
    0x080023ec   0x00000020   Code   RO         1913    i.RCC_AHBPeriphClockCmd  stm32f10x_rcc.o
    0x0800240c   0x00000020   Code   RO         1916    i.RCC_APB2PeriphClockCmd  stm32f10x_rcc.o
    0x0800242c   0x00000064   Code   RO         3398    i.RCC_Configuration  sys_rcc.o
    0x08002490   0x0000004c   Code   RO         1923    i.RCC_DeInit        stm32f10x_rcc.o
    0x080024dc   0x000000d4   Code   RO         1924    i.RCC_GetClocksFreq  stm32f10x_rcc.o
    0x080025b0   0x0000003c   Code   RO         1925    i.RCC_GetFlagStatus  stm32f10x_rcc.o
    0x080025ec   0x00000010   Code   RO         1927    i.RCC_GetSYSCLKSource  stm32f10x_rcc.o
    0x080025fc   0x00000018   Code   RO         1928    i.RCC_HCLKConfig    stm32f10x_rcc.o
    0x08002614   0x0000004c   Code   RO         1929    i.RCC_HSEConfig     stm32f10x_rcc.o
    0x08002660   0x00000018   Code   RO         1935    i.RCC_PCLK1Config   stm32f10x_rcc.o
    0x08002678   0x00000018   Code   RO         1936    i.RCC_PCLK2Config   stm32f10x_rcc.o
    0x08002690   0x0000000c   Code   RO         1937    i.RCC_PLLCmd        stm32f10x_rcc.o
    0x0800269c   0x0000001c   Code   RO         1938    i.RCC_PLLConfig     stm32f10x_rcc.o
    0x080026b8   0x00000018   Code   RO         1941    i.RCC_SYSCLKConfig  stm32f10x_rcc.o
    0x080026d0   0x00000038   Code   RO         1943    i.RCC_WaitForHSEStartUp  stm32f10x_rcc.o
    0x08002708   0x0000002c   Code   RO         3577    i.SPI_InitConfig    spi_driver.o
    0x08002734   0x00000044   Code   RO         3578    i.SPI_WriterByte    spi_driver.o
    0x08002778   0x00000002   Code   RO         3933    i.SVC_Handler       stm32f10x_it.o
    0x0800277a   0x00000008   Code   RO           13    i.SetSysClock       system_stm32f10x.o
    0x08002782   0x00000002   PAD
    0x08002784   0x000000e0   Code   RO           14    i.SetSysClockTo72   system_stm32f10x.o
    0x08002864   0x00000002   Code   RO         3934    i.SysTick_Handler   stm32f10x_it.o
    0x08002866   0x00000002   PAD
    0x08002868   0x00000040   Code   RO         3861    i.SysTick_init      systick.o
    0x080028a8   0x00000060   Code   RO           16    i.SystemInit        system_stm32f10x.o
    0x08002908   0x00000018   Code   RO         3935    i.TIM2_IRQHandler   stm32f10x_it.o
    0x08002920   0x00000006   Code   RO         2591    i.TIM_ClearITPendingBit  stm32f10x_tim.o
    0x08002926   0x00000022   Code   RO         2617    i.TIM_GetITStatus   stm32f10x_tim.o
    0x08002948   0x00000048   Code   RO         3492    i.UASRT_NVIC_Configuration  usart_driver.o
    0x08002990   0x00000094   Code   RO         3493    i.USART1_Config     usart_driver.o
    0x08002a24   0x00000054   Code   RO         3936    i.USART1_IRQHandler  stm32f10x_it.o
    0x08002a78   0x0000001e   Code   RO         3141    i.USART_ClearITPendingBit  stm32f10x_usart.o
    0x08002a96   0x00000018   Code   RO         3144    i.USART_Cmd         stm32f10x_usart.o
    0x08002aae   0x0000001a   Code   RO         3147    i.USART_GetFlagStatus  stm32f10x_usart.o
    0x08002ac8   0x00000054   Code   RO         3148    i.USART_GetITStatus  stm32f10x_usart.o
    0x08002b1c   0x0000004a   Code   RO         3150    i.USART_ITConfig    stm32f10x_usart.o
    0x08002b66   0x00000002   PAD
    0x08002b68   0x000000d8   Code   RO         3151    i.USART_Init        stm32f10x_usart.o
    0x08002c40   0x0000000c   Code   RO         3494    i.USART_InitConfig  usart_driver.o
    0x08002c4c   0x00000008   Code   RO         3161    i.USART_SendData    stm32f10x_usart.o
    0x08002c54   0x00000004   Code   RO         3937    i.UsageFault_Handler  stm32f10x_it.o
    0x08002c58   0x00000028   Code   RO         4172    i.__ARM_fpclassify  m_ws.l(fpclassify.o)
    0x08002c80   0x0000003c   Code   RO         3862    i.delay_ms          systick.o
    0x08002cbc   0x00000030   Code   RO         3616    i.filter            adc_driver.o
    0x08002cec   0x00000024   Code   RO         3496    i.fputc             usart_driver.o
    0x08002d10   0x00000088   Code   RO         3899    i.main              main.o
    0x08002d98   0x00000024   Code   RO         3500    i.usart1_putc       usart_driver.o
    0x08002dbc   0x0000002c   Code   RO         4168    locale$$code        c_w.l(lc_numeric_c.o)
    0x08002de8   0x00000062   Code   RO         4071    x$fpl$d2f           fz_ws.l(d2f.o)
    0x08002e4a   0x00000002   PAD
    0x08002e4c   0x00000154   Code   RO         4073    x$fpl$dmul          fz_ws.l(dmul.o)
    0x08002fa0   0x0000009c   Code   RO         4099    x$fpl$dnaninf       fz_ws.l(dnaninf.o)
    0x0800303c   0x0000000c   Code   RO         4101    x$fpl$dretinf       fz_ws.l(dretinf.o)
    0x08003048   0x00000056   Code   RO         4075    x$fpl$f2d           fz_ws.l(f2d.o)
    0x0800309e   0x00000002   PAD
    0x080030a0   0x00000026   Code   RO         4077    x$fpl$ffltu         fz_ws.l(fflt_clz.o)
    0x080030c6   0x0000008c   Code   RO         4103    x$fpl$fnaninf       fz_ws.l(fnaninf.o)
    0x08003152   0x0000000a   Code   RO         4105    x$fpl$fretinf       fz_ws.l(fretinf.o)
    0x0800315c   0x00000004   Code   RO         4083    x$fpl$printf1       fz_ws.l(printf1.o)
    0x08003160   0x00000000   Code   RO         4107    x$fpl$usenofp       fz_ws.l(usenofp.o)
    0x08003160   0x00000094   Data   RO         4135    .constdata          c_w.l(bigflt0.o)
    0x080031f4   0x00000004   Data   RO         4175    .constdata          c_w.l(sys_io.o)
    0x080031f8   0x00000004   Data   RO         4176    .constdata          c_w.l(sys_io.o)
    0x080031fc   0x00000004   Data   RO         4177    .constdata          c_w.l(sys_io.o)
    0x08003200   0x00000020   Data   RO         4458    Region$$Table       anon$$obj.o
    0x08003220   0x0000001c   Data   RO         4167    locale$$data        c_w.l(lc_numeric_c.o)


    Execution Region RW_IRAM1 (Base: 0x20000000, Size: 0x000007f0, Max: 0x0000c000, ABSOLUTE)

    Base Addr    Size         Type   Attr      Idx    E Section Name        Object

    0x20000000   0x00000014   Data   RW         1944    .data               stm32f10x_rcc.o
    0x20000014   0x00000004   Data   RW         3618    .data               adc_driver.o
    0x20000018   0x00000004   Data   RW         3864    .data               systick.o
    0x2000001c   0x00000001   Data   RW         3938    .data               stm32f10x_it.o
    0x2000001d   0x00000003   PAD
    0x20000020   0x00000004   Data   RW         4096    .data               c_w.l(stdio_streams.o)
    0x20000024   0x00000004   Data   RW         4097    .data               c_w.l(stdio_streams.o)
    0x20000028   0x00000004   Data   RW         4098    .data               c_w.l(stdio_streams.o)
    0x2000002c   0x00000064   Zero   RW         3617    .bss                adc_driver.o
    0x20000090   0x00000054   Zero   RW         4093    .bss                c_w.l(stdio_streams.o)
    0x200000e4   0x00000054   Zero   RW         4094    .bss                c_w.l(stdio_streams.o)
    0x20000138   0x00000054   Zero   RW         4095    .bss                c_w.l(stdio_streams.o)
    0x2000018c   0x00000060   Zero   RW         4180    .bss                c_w.l(libspace.o)
    0x200001ec   0x00000004   PAD
    0x200001f0   0x00000200   Zero   RW            2    HEAP                startup_stm32f10x_hd.o
    0x200003f0   0x00000400   Zero   RW            1    STACK               startup_stm32f10x_hd.o


==============================================================================

Image component sizes


      Code (inc. data)   RO Data    RW Data    ZI Data      Debug   Object Name

       420         38          0          4        100       3667   adc_driver.o
        52          4          0          0          0        491   dht11_driver.o
       136         42          0          0          0        479   main.o
       450         18          0          0          0       4104   oled_driver.o
       112         12          0          0          0       1026   spi_driver.o
         0          0          0          0          0       1228   st_string.o
        64         26        304          0       1536        856   startup_stm32f10x_hd.o
       390         10          0          0          0       7581   stm32f10x_adc.o
       416          8          0          0          0       3498   stm32f10x_dma.o
        52         12          0          0          0       1164   stm32f10x_exti.o
        52         12          0          0          0       1129   stm32f10x_flash.o
       286          0          0          0          0       3120   stm32f10x_gpio.o
       274         70          0          1          0       6529   stm32f10x_it.o
       720         98          0         20          0      11332   stm32f10x_rcc.o
        40          0          0          0          0       1818   stm32f10x_tim.o
       462          6          0          0          0       6407   stm32f10x_usart.o
       100          0          0          0          0        544   sys_rcc.o
       328         28          0          0          0     272061   system_stm32f10x.o
       124         12          0          4          0       1146   systick.o
       304         28          0          0          0      24879   usart_driver.o

    ----------------------------------------------------------------------
      4800        424        336         32       1636     353059   Object Totals
         0          0         32          0          0          0   (incl. Generated)
        18          0          0          3          0          0   (incl. Padding)

    ----------------------------------------------------------------------

      Code (inc. data)   RO Data    RW Data    ZI Data      Debug   Library Member Name

         8          0          0          0          0         68   __main.o
       104          0          0          0          0         84   __printf.o
         0          0          0          0          0          0   __rtentry.o
        12          0          0          0          0          0   __rtentry2.o
         6          0          0          0          0          0   __rtentry4.o
        52          8          0          0          0          0   __scatter.o
        26          0          0          0          0          0   __scatter_copy.o
        28          0          0          0          0          0   __scatter_zi.o
        48          6          0          0          0         96   _printf_char_common.o
        36          4          0          0          0         80   _printf_char_file.o
         6          0          0          0          0          0   _printf_d.o
       120         16          0          0          0         92   _printf_dec.o
         6          0          0          0          0          0   _printf_f.o
      1050          0          0          0          0        216   _printf_fp_dec.o
       128         16          0          0          0         84   _printf_fp_infnan.o
       178          0          0          0          0         88   _printf_intcommon.o
         0          0          0          0          0          0   _printf_percent.o
         4          0          0          0          0          0   _printf_percent_end.o
       220          4        148          0          0         96   bigflt0.o
      1910        128          0          0          0        672   btod.o
        10          0          0          0          0         68   defsig_exit.o
        50          0          0          0          0         88   defsig_general.o
        80         58          0          0          0         76   defsig_rtmem_inner.o
        14          0          0          0          0         80   defsig_rtmem_outer.o
        52         38          0          0          0         76   defsig_rtred_inner.o
        14          0          0          0          0         80   defsig_rtred_outer.o
        18          0          0          0          0         80   exit.o
        76          0          0          0          0         88   fclose.o
         8          0          0          0          0         68   ferror.o
       236          4          0          0          0        128   fopen.o
       248          6          0          0          0         84   fseek.o
        66          0          0          0          0         76   ftell.o
        94          0          0          0          0         80   h1_alloc.o
        52          0          0          0          0         68   h1_extend.o
        78          0          0          0          0         80   h1_free.o
        14          0          0          0          0         84   h1_init.o
         6          0          0          0          0        152   heapauxi.o
         4          0          0          0          0        136   hguard.o
         0          0          0          0          0          0   indicate_semi.o
       138          0          0          0          0        168   init_alloc.o
       312         46          0          0          0        112   initio.o
        44         10         28          0          0         76   lc_numeric_c.o
         2          0          0          0          0          0   libinit.o
        30          0          0          0          0          0   libinit2.o
         2          0          0          0          0          0   libshutdown.o
         6          0          0          0          0          0   libshutdown2.o
         8          4          0          0         96         68   libspace.o
       138          0          0          0          0         80   lludiv10.o
         0          0          0          0          0          0   maybetermalloc1.o
        24          4          0          0          0         84   noretval__2printf.o
         8          4          0          0          0         68   rt_errno_addr_intlibspace.o
         8          4          0          0          0         68   rt_heap_descriptor_intlibspace.o
         8          4          0          0          0         68   rt_locale_intlibspace.o
        78          0          0          0          0         80   rt_memclr_w.o
         2          0          0          0          0          0   rtexit.o
        10          0          0          0          0          0   rtexit2.o
        70          0          0          0          0         80   setvbuf.o
       240          6          0          0          0        156   stdio.o
         0          0          0         12        252          0   stdio_streams.o
       128          0          0          0          0         68   strcmpv7m.o
        62          0          0          0          0         76   strlen.o
        12          4          0          0          0         68   sys_exit.o
       102          0         12          0          0        240   sys_io.o
        74          0          0          0          0         80   sys_stackheap_outer.o
        14          0          0          0          0         76   sys_wrch.o
         2          0          0          0          0         68   use_no_semi.o
        98          4          0          0          0         92   d2f.o
       340         12          0          0          0        104   dmul.o
       156          4          0          0          0         92   dnaninf.o
        12          0          0          0          0         68   dretinf.o
        86          4          0          0          0         84   f2d.o
        38          0          0          0          0         68   fflt_clz.o
       140          4          0          0          0         84   fnaninf.o
        10          0          0          0          0         68   fretinf.o
         4          0          0          0          0         68   printf1.o
         0          0          0          0          0          0   usenofp.o
        40          0          0          0          0         68   fpclassify.o

    ----------------------------------------------------------------------
      7536        402        188         12        352       5748   Library Totals
        28          0          0          0          4          0   (incl. Padding)

    ----------------------------------------------------------------------

      Code (inc. data)   RO Data    RW Data    ZI Data      Debug   Library Name

      6584        374        188         12        348       4952   c_w.l
       884         28          0          0          0        728   fz_ws.l
        40          0          0          0          0         68   m_ws.l

    ----------------------------------------------------------------------
      7536        402        188         12        352       5748   Library Totals

    ----------------------------------------------------------------------

==============================================================================


      Code (inc. data)   RO Data    RW Data    ZI Data      Debug   

     12336        826        524         44       1988     351315   Grand Totals
     12336        826        524         44       1988     351315   ELF Image Totals
     12336        826        524         44          0          0   ROM Totals

==============================================================================

    Total RO  Size (Code + RO Data)                12860 (  12.56kB)
    Total RW  Size (RW Data + ZI Data)              2032 (   1.98kB)
    Total ROM Size (Code + RO Data + RW Data)      12904 (  12.60kB)

==============================================================================

